23:09:47  INFO     Loading panel from ticker_data (fields=['accountsPayable', 'acquisitionsNet', 'assetGrowth', 'assetTurnover', 'bookValuePerShare', 'bookValuePerShareGrowth', 'capex', 'capexPerShare', 'capexToOperatingCashFlow', 'capexToRevenue', 'cash', 'cashConversionCycle', 'cashPerShare', 'cashRatio', 'changeInWorkingCapital', 'close', 'costOfRevenue', 'currentRatio', 'daysInventoryOutstanding', 'daysPayablesOutstanding', 'daysSalesOutstanding', 'debtGrowth', 'debtToAssets', 'debtToCapital', 'debtToEquity', 'depreciationAmortization', 'dividendPayoutRatio', 'dividendPerShareGrowth', 'dividendYield', 'dividendsPaid', 'earningsYield', 'ebit', 'ebitGrowth', 'ebitMargin', 'ebitda', 'ebitdaGrowth', 'ebitdaMargin', 'enterpriseValue', 'eps', 'epsActual', 'epsDiluted', 'epsDilutedGrowth', 'epsEstimate', 'epsGrowth', 'epsSurprise', 'evToEbitda', 'evToFreeCashFlow', 'evToOperatingCashFlow', 'evToSales', 'financialLeverage', 'freeCashFlow', 'freeCashFlowGrowth', 'freeCashFlowPerShare', 'freeCashFlowYield', 'goodwill', 'grahamNumber', 'grossMargin', 'grossProfit', 'grossProfitGrowth', 'high', 'incomeBeforeTax', 'incomeQuality', 'incomeTaxExpense', 'industry', 'intangibleAssets', 'intangiblesToAssets', 'interestCoverage', 'interestExpense', 'inventory', 'inventoryGrowth', 'inventoryTurnover', 'investedCapital', 'longTermDebt', 'low', 'marketCap', 'netDebtIssuance', 'netDebtToEbitda', 'netIncome', 'netIncomeGrowth', 'netIncomeGrowth3Y', 'netIncomeGrowth5Y', 'netIncomePerShare', 'netMargin', 'netStockIssuance', 'open', 'operatingCashFlow', 'operatingCashFlowGrowth', 'operatingCashFlowPerShare', 'operatingCycle', 'operatingExpenses', 'operatingIncome', 'operatingIncomeGrowth', 'operatingMargin', 'payablesTurnover', 'pbRatio', 'peRatio', 'pegRatio', 'pfcfRatio', 'pocfRatio', 'ppe', 'pretaxMargin', 'psRatio', 'quickRatio', 'rdExpense', 'rdExpenseGrowth', 'rdToRevenue', 'receivables', 'receivablesGrowth', 'receivablesTurnover', 'retainedEarnings', 'returns', 'revenue', 'revenueActual', 'revenueEstimate', 'revenueGrowth', 'revenueGrowth3Y', 'revenueGrowth5Y', 'revenuePerShare', 'revenueSurprise', 'roa', 'roce', 'roe', 'roic', 'sbcToRevenue', 'sector', 'sgaExpense', 'sgaExpenseGrowth', 'sgaToRevenue', 'shareRepurchase', 'sharesDiluted', 'sharesGrowth', 'sharesOutstanding', 'shortTermDebt', 'stockBasedCompensation', 'tangibleBookValuePerShare', 'totalAssets', 'totalCurrentAssets', 'totalCurrentLiabilities', 'totalDebt', 'totalEquity', 'totalLiabilities', 'volume', 'vwap', 'workingCapital'], n_tickers=all) …
23:11:29  INFO     Panel loaded in 101.5s (232 tickers, 144 fields)
23:11:30  INFO     [aggressive_short_term] selected 20 factors from catalog
/Users/lucawurker/Desktop/Imperial/Master Thesis/QuantFundAgent/venv/lib/python3.13/site-packages/sklearn/linear_model/_coordinate_descent.py:1663: FutureWarning: 'n_alphas' was deprecated in 1.7 and will be removed in 1.9. 'alphas' now accepts an integer value which removes the need to pass 'n_alphas'. The default value of 'alphas' will change from None to 100 in 1.9. Pass an explicit value to 'alphas' and leave 'n_alphas' to its default value to silence this warning.
  warnings.warn(
23:12:27  INFO     [aggressive_short_term] lasso-prune kept 20/20
23:12:27  INFO     [aggressive_short_term_per_underlying] IS<2022-07-28 VAL<2024-07-28 FORWARD 2024-07-29->2026-07-27
23:13:05  INFO     [aggressive_short_term_per_underlying] 20/20 factors computable
23:13:06  INFO     [aggressive_short_term_per_underlying] ridge: VAL IC=0.0473 sharpe=0.6651645898354227
/Users/lucawurker/Desktop/Imperial/Master Thesis/QuantFundAgent/venv/lib/python3.13/site-packages/sklearn/linear_model/_coordinate_descent.py:1663: FutureWarning: 'n_alphas' was deprecated in 1.7 and will be removed in 1.9. 'alphas' now accepts an integer value which removes the need to pass 'n_alphas'. The default value of 'alphas' will change from None to 100 in 1.9. Pass an explicit value to 'alphas' and leave 'n_alphas' to its default value to silence this warning.
  warnings.warn(
23:13:08  INFO     [aggressive_short_term_per_underlying] elastic_net: VAL IC=-0.0000 sharpe=None
23:13:58  INFO     [aggressive_short_term_per_underlying] random_forest: VAL IC=0.0564 sharpe=0.9332474777212819
/Users/lucawurker/Desktop/Imperial/Master Thesis/QuantFundAgent/venv/lib/python3.13/site-packages/sklearn/utils/validation.py:2691: UserWarning: X does not have valid feature names, but LGBMRegressor was fitted with feature names
  warnings.warn(
23:14:01  INFO     [aggressive_short_term_per_underlying] lightgbm: VAL IC=0.0465 sharpe=0.8476492479615819
23:14:01  INFO     [aggressive_short_term_per_underlying] winner on VAL IC: random_forest (n_trials=9)
23:15:30  INFO     [defensive_low_turnover] selected 14 factors from catalog
/Users/lucawurker/Desktop/Imperial/Master Thesis/QuantFundAgent/venv/lib/python3.13/site-packages/sklearn/linear_model/_coordinate_descent.py:1663: FutureWarning: 'n_alphas' was deprecated in 1.7 and will be removed in 1.9. 'alphas' now accepts an integer value which removes the need to pass 'n_alphas'. The default value of 'alphas' will change from None to 100 in 1.9. Pass an explicit value to 'alphas' and leave 'n_alphas' to its default value to silence this warning.
  warnings.warn(
23:15:58  INFO     [defensive_low_turnover] lasso-prune kept 14/14
23:15:58  INFO     [defensive_low_turnover_per_underlying] IS<2022-07-28 VAL<2024-07-28 FORWARD 2024-07-29->2026-07-27
23:16:29  INFO     [defensive_low_turnover_per_underlying] 14/14 factors computable
23:16:30  INFO     [defensive_low_turnover_per_underlying] ridge: VAL IC=0.0398 sharpe=0.20237818478205832
/Users/lucawurker/Desktop/Imperial/Master Thesis/QuantFundAgent/venv/lib/python3.13/site-packages/sklearn/linear_model/_coordinate_descent.py:1663: FutureWarning: 'n_alphas' was deprecated in 1.7 and will be removed in 1.9. 'alphas' now accepts an integer value which removes the need to pass 'n_alphas'. The default value of 'alphas' will change from None to 100 in 1.9. Pass an explicit value to 'alphas' and leave 'n_alphas' to its default value to silence this warning.
  warnings.warn(
23:16:31  INFO     [defensive_low_turnover_per_underlying] elastic_net: VAL IC=0.0389 sharpe=0.29837916300901773
23:17:13  INFO     [defensive_low_turnover_per_underlying] random_forest: VAL IC=0.0426 sharpe=0.6271225329256371
/Users/lucawurker/Desktop/Imperial/Master Thesis/QuantFundAgent/venv/lib/python3.13/site-packages/sklearn/utils/validation.py:2691: UserWarning: X does not have valid feature names, but LGBMRegressor was fitted with feature names
  warnings.warn(
23:17:16  INFO     [defensive_low_turnover_per_underlying] lightgbm: VAL IC=0.0547 sharpe=0.7055622181938324
23:17:16  INFO     [defensive_low_turnover_per_underlying] winner on VAL IC: lightgbm (n_trials=9)
/Users/lucawurker/Desktop/Imperial/Master Thesis/QuantFundAgent/venv/lib/python3.13/site-packages/sklearn/utils/validation.py:2691: UserWarning: X does not have valid feature names, but LGBMRegressor was fitted with feature names
  warnings.warn(
23:17:19  INFO     [earnings_events] selected 16 factors from catalog
/Users/lucawurker/Desktop/Imperial/Master Thesis/QuantFundAgent/venv/lib/python3.13/site-packages/sklearn/linear_model/_coordinate_descent.py:1663: FutureWarning: 'n_alphas' was deprecated in 1.7 and will be removed in 1.9. 'alphas' now accepts an integer value which removes the need to pass 'n_alphas'. The default value of 'alphas' will change from None to 100 in 1.9. Pass an explicit value to 'alphas' and leave 'n_alphas' to its default value to silence this warning.
  warnings.warn(
23:17:52  INFO     [earnings_events] lasso-prune kept 16/16
23:17:52  INFO     [earnings_events_per_underlying] IS<2022-07-28 VAL<2024-07-28 FORWARD 2024-07-29->2026-07-27
23:18:19  INFO     [earnings_events_per_underlying] 16/16 factors computable
23:18:20  INFO     [earnings_events_per_underlying] ridge: VAL IC=0.0361 sharpe=0.5686284749245001
/Users/lucawurker/Desktop/Imperial/Master Thesis/QuantFundAgent/venv/lib/python3.13/site-packages/sklearn/linear_model/_coordinate_descent.py:1663: FutureWarning: 'n_alphas' was deprecated in 1.7 and will be removed in 1.9. 'alphas' now accepts an integer value which removes the need to pass 'n_alphas'. The default value of 'alphas' will change from None to 100 in 1.9. Pass an explicit value to 'alphas' and leave 'n_alphas' to its default value to silence this warning.
  warnings.warn(
23:18:21  INFO     [earnings_events_per_underlying] elastic_net: VAL IC=0.0242 sharpe=0.35022904480330813
23:19:06  INFO     [earnings_events_per_underlying] random_forest: VAL IC=0.0671 sharpe=1.2318790087826565
/Users/lucawurker/Desktop/Imperial/Master Thesis/QuantFundAgent/venv/lib/python3.13/site-packages/sklearn/utils/validation.py:2691: UserWarning: X does not have valid feature names, but LGBMRegressor was fitted with feature names
  warnings.warn(
23:19:09  INFO     [earnings_events_per_underlying] lightgbm: VAL IC=0.0629 sharpe=0.9824574135405106
23:19:09  INFO     [earnings_events_per_underlying] winner on VAL IC: random_forest (n_trials=9)
23:19:58  INFO     [diversified_all_weather] selected 24 factors from catalog
/Users/lucawurker/Desktop/Imperial/Master Thesis/QuantFundAgent/venv/lib/python3.13/site-packages/sklearn/linear_model/_coordinate_descent.py:1663: FutureWarning: 'n_alphas' was deprecated in 1.7 and will be removed in 1.9. 'alphas' now accepts an integer value which removes the need to pass 'n_alphas'. The default value of 'alphas' will change from None to 100 in 1.9. Pass an explicit value to 'alphas' and leave 'n_alphas' to its default value to silence this warning.
  warnings.warn(
23:20:26  INFO     [diversified_all_weather] lasso-prune kept 24/24
23:20:26  INFO     [diversified_all_weather_per_underlying] IS<2022-07-28 VAL<2024-07-28 FORWARD 2024-07-29->2026-07-27
23:20:49  INFO     [diversified_all_weather_per_underlying] 24/24 factors computable
23:20:50  INFO     [diversified_all_weather_per_underlying] ridge: VAL IC=0.0133 sharpe=-0.26905013922346627
/Users/lucawurker/Desktop/Imperial/Master Thesis/QuantFundAgent/venv/lib/python3.13/site-packages/sklearn/linear_model/_coordinate_descent.py:1663: FutureWarning: 'n_alphas' was deprecated in 1.7 and will be removed in 1.9. 'alphas' now accepts an integer value which removes the need to pass 'n_alphas'. The default value of 'alphas' will change from None to 100 in 1.9. Pass an explicit value to 'alphas' and leave 'n_alphas' to its default value to silence this warning.
  warnings.warn(
23:20:52  INFO     [diversified_all_weather_per_underlying] elastic_net: VAL IC=0.0122 sharpe=-0.43040568305868954
23:21:53  INFO     [diversified_all_weather_per_underlying] random_forest: VAL IC=0.0622 sharpe=1.1488272508293547
/Users/lucawurker/Desktop/Imperial/Master Thesis/QuantFundAgent/venv/lib/python3.13/site-packages/sklearn/utils/validation.py:2691: UserWarning: X does not have valid feature names, but LGBMRegressor was fitted with feature names
  warnings.warn(
23:21:56  INFO     [diversified_all_weather_per_underlying] lightgbm: VAL IC=0.0697 sharpe=1.1275901154242163
23:21:56  INFO     [diversified_all_weather_per_underlying] winner on VAL IC: lightgbm (n_trials=9)
/Users/lucawurker/Desktop/Imperial/Master Thesis/QuantFundAgent/venv/lib/python3.13/site-packages/sklearn/utils/validation.py:2691: UserWarning: X does not have valid feature names, but LGBMRegressor was fitted with feature names
  warnings.warn(
23:22:00  INFO     [contrarian_dip_buyer] selected 18 factors from catalog
/Users/lucawurker/Desktop/Imperial/Master Thesis/QuantFundAgent/venv/lib/python3.13/site-packages/sklearn/linear_model/_coordinate_descent.py:1663: FutureWarning: 'n_alphas' was deprecated in 1.7 and will be removed in 1.9. 'alphas' now accepts an integer value which removes the need to pass 'n_alphas'. The default value of 'alphas' will change from None to 100 in 1.9. Pass an explicit value to 'alphas' and leave 'n_alphas' to its default value to silence this warning.
  warnings.warn(
23:22:17  INFO     [contrarian_dip_buyer] lasso-prune kept 18/18
23:22:17  INFO     [contrarian_dip_buyer_per_underlying] IS<2022-07-28 VAL<2024-07-28 FORWARD 2024-07-29->2026-07-27
23:22:32  INFO     [contrarian_dip_buyer_per_underlying] 18/18 factors computable
23:22:33  INFO     [contrarian_dip_buyer_per_underlying] ridge: VAL IC=0.0033 sharpe=-0.7215125061351587
/Users/lucawurker/Desktop/Imperial/Master Thesis/QuantFundAgent/venv/lib/python3.13/site-packages/sklearn/linear_model/_coordinate_descent.py:1663: FutureWarning: 'n_alphas' was deprecated in 1.7 and will be removed in 1.9. 'alphas' now accepts an integer value which removes the need to pass 'n_alphas'. The default value of 'alphas' will change from None to 100 in 1.9. Pass an explicit value to 'alphas' and leave 'n_alphas' to its default value to silence this warning.
  warnings.warn(
23:22:35  INFO     [contrarian_dip_buyer_per_underlying] elastic_net: VAL IC=0.0024 sharpe=-0.6389707023074752
23:23:22  INFO     [contrarian_dip_buyer_per_underlying] random_forest: VAL IC=0.0271 sharpe=-0.17240536212658972
/Users/lucawurker/Desktop/Imperial/Master Thesis/QuantFundAgent/venv/lib/python3.13/site-packages/sklearn/utils/validation.py:2691: UserWarning: X does not have valid feature names, but LGBMRegressor was fitted with feature names
  warnings.warn(
23:23:25  INFO     [contrarian_dip_buyer_per_underlying] lightgbm: VAL IC=0.0512 sharpe=0.26235988958914164
23:23:25  INFO     [contrarian_dip_buyer_per_underlying] winner on VAL IC: lightgbm (n_trials=9)
/Users/lucawurker/Desktop/Imperial/Master Thesis/QuantFundAgent/venv/lib/python3.13/site-packages/sklearn/utils/validation.py:2691: UserWarning: X does not have valid feature names, but LGBMRegressor was fitted with feature names
  warnings.warn(
{
  "persona": "aggressive_short_term",
  "n_factors": 20,
  "winner": "random_forest",
  "val_ic": 0.056367985671189814,
  "fwd_sharpe": 0.7124939023758979,
  "fwd_ic": 0.035947969078819725,
  "dsr": 0.786881620552329,
  "pbo_val": 0.9841269841269841
}
{
  "persona": "defensive_low_turnover",
  "n_factors": 14,
  "winner": "lightgbm",
  "val_ic": 0.05465332023854883,
  "fwd_sharpe": -0.22580937751182767,
  "fwd_ic": 0.024553554381315783,
  "dsr": 0.21990969601833127,
  "pbo_val": 0.6746031746031746
}
{
  "persona": "earnings_events",
  "n_factors": 16,
  "winner": "random_forest",
  "val_ic": 0.06711029338035084,
  "fwd_sharpe": 0.5984077446402546,
  "fwd_ic": 0.024059842955078257,
  "dsr": 0.5424657888930056,
  "pbo_val": 0.5873015873015873
}
{
  "persona": "diversified_all_weather",
  "n_factors": 24,
  "winner": "lightgbm",
  "val_ic": 0.06973248086374859,
  "fwd_sharpe": 0.3642734059431459,
  "fwd_ic": 0.03372300141375153,
  "dsr": 0.13805071258098967,
  "pbo_val": 0.08333333333333333
}
{
  "persona": "contrarian_dip_buyer",
  "n_factors": 18,
  "winner": "lightgbm",
  "val_ic": 0.05119458864999599,
  "fwd_sharpe": 0.046227322701303766,
  "fwd_ic": 0.0313008583883188,
  "dsr": 0.2177817559112259,
  "pbo_val": 0.20634920634920634
}

ALL PERSONAS DONE -> /Users/lucawurker/Desktop/Imperial/Master Thesis/QuantFundAgent/data/books/catalog_nasdaq100_v1/sample_strategies_per_underlying/summary.json
