/Users/lucawurker/Desktop/Imperial/Master Thesis/QuantFundAgent/venv/lib/python3.13/site-packages/sklearn/utils/validation.py:2691: UserWarning: X does not have valid feature names, but LGBMRegressor was fitted with feature names
  warnings.warn(
/Users/lucawurker/Desktop/Imperial/Master Thesis/QuantFundAgent/venv/lib/python3.13/site-packages/sklearn/utils/validation.py:2691: UserWarning: X does not have valid feature names, but LGBMRegressor was fitted with feature names
  warnings.warn(
  LOCO 1/19 cash_return_accrual_roic_residual
/Users/lucawurker/Desktop/Imperial/Master Thesis/QuantFundAgent/venv/lib/python3.13/site-packages/sklearn/utils/validation.py:2691: UserWarning: X does not have valid feature names, but LGBMRegressor was fitted with feature names
  warnings.warn(
  LOCO 2/19 cash_collected_sales_acceleration_lag
/Users/lucawurker/Desktop/Imperial/Master Thesis/QuantFundAgent/venv/lib/python3.13/site-packages/sklearn/utils/validation.py:2691: UserWarning: X does not have valid feature names, but LGBMRegressor was fitted with feature names
  warnings.warn(
  LOCO 3/19 quiet_operating_leverage_delivery_drift
/Users/lucawurker/Desktop/Imperial/Master Thesis/QuantFundAgent/venv/lib/python3.13/site-packages/sklearn/utils/validation.py:2691: UserWarning: X does not have valid feature names, but LGBMRegressor was fitted with feature names
  warnings.warn(
  LOCO 4/19 cash_confirmed_margin_step_diffusion_v2
/Users/lucawurker/Desktop/Imperial/Master Thesis/QuantFundAgent/venv/lib/python3.13/site-packages/sklearn/utils/validation.py:2691: UserWarning: X does not have valid feature names, but LGBMRegressor was fitted with feature names
  warnings.warn(
  LOCO 5/19 deleveraging_validated_earnings_attention_gap
/Users/lucawurker/Desktop/Imperial/Master Thesis/QuantFundAgent/venv/lib/python3.13/site-packages/sklearn/utils/validation.py:2691: UserWarning: X does not have valid feature names, but LGBMRegressor was fitted with feature names
  warnings.warn(
  LOCO 6/19 silent_acceptance_credit_cash_audit_unwind
/Users/lucawurker/Desktop/Imperial/Master Thesis/QuantFundAgent/venv/lib/python3.13/site-packages/sklearn/utils/validation.py:2691: UserWarning: X does not have valid feature names, but LGBMRegressor was fitted with feature names
  warnings.warn(
  LOCO 7/19 orthogonal_volume_relaxation_displacement_revers
/Users/lucawurker/Desktop/Imperial/Master Thesis/QuantFundAgent/venv/lib/python3.13/site-packages/sklearn/utils/validation.py:2691: UserWarning: X does not have valid feature names, but LGBMRegressor was fitted with feature names
  warnings.warn(
  LOCO 8/19 estimate_revision_relative_reaction_gap
/Users/lucawurker/Desktop/Imperial/Master Thesis/QuantFundAgent/venv/lib/python3.13/site-packages/sklearn/utils/validation.py:2691: UserWarning: X does not have valid feature names, but LGBMRegressor was fitted with feature names
  warnings.warn(
  LOCO 9/19 report_congestion_cash_conversion_resolution
/Users/lucawurker/Desktop/Imperial/Master Thesis/QuantFundAgent/venv/lib/python3.13/site-packages/sklearn/utils/validation.py:2691: UserWarning: X does not have valid feature names, but LGBMRegressor was fitted with feature names
  warnings.warn(
  LOCO 10/19 incremental_roic_filing_diffusion
/Users/lucawurker/Desktop/Imperial/Master Thesis/QuantFundAgent/venv/lib/python3.13/site-packages/sklearn/utils/validation.py:2691: UserWarning: X does not have valid feature names, but LGBMRegressor was fitted with feature names
  warnings.warn(
  LOCO 11/19 rolling_transfer_deficit_signal
/Users/lucawurker/Desktop/Imperial/Master Thesis/QuantFundAgent/venv/lib/python3.13/site-packages/sklearn/utils/validation.py:2691: UserWarning: X does not have valid feature names, but LGBMRegressor was fitted with feature names
  warnings.warn(
  LOCO 12/19 muted_productivity_innovation_assimilation
/Users/lucawurker/Desktop/Imperial/Master Thesis/QuantFundAgent/venv/lib/python3.13/site-packages/sklearn/utils/validation.py:2691: UserWarning: X does not have valid feature names, but LGBMRegressor was fitted with feature names
  warnings.warn(
  LOCO 13/19 validated_trade_credit_capacity_diffusion
/Users/lucawurker/Desktop/Imperial/Master Thesis/QuantFundAgent/venv/lib/python3.13/site-packages/sklearn/utils/validation.py:2691: UserWarning: X does not have valid feature names, but LGBMRegressor was fitted with feature names
  warnings.warn(
  LOCO 14/19 liquidation_sourced_cash_roic_correction
/Users/lucawurker/Desktop/Imperial/Master Thesis/QuantFundAgent/venv/lib/python3.13/site-packages/sklearn/utils/validation.py:2691: UserWarning: X does not have valid feature names, but LGBMRegressor was fitted with feature names
  warnings.warn(
  LOCO 15/19 trade_credit_optionality_unpriced_response
/Users/lucawurker/Desktop/Imperial/Master Thesis/QuantFundAgent/venv/lib/python3.13/site-packages/sklearn/utils/validation.py:2691: UserWarning: X does not have valid feature names, but LGBMRegressor was fitted with feature names
  warnings.warn(
  LOCO 16/19 renewal_inventory_delayed_transfer_state
/Users/lucawurker/Desktop/Imperial/Master Thesis/QuantFundAgent/venv/lib/python3.13/site-packages/sklearn/utils/validation.py:2691: UserWarning: X does not have valid feature names, but LGBMRegressor was fitted with feature names
  warnings.warn(
  LOCO 17/19 working_capital_harvest_disclosure_decay
/Users/lucawurker/Desktop/Imperial/Master Thesis/QuantFundAgent/venv/lib/python3.13/site-packages/sklearn/utils/validation.py:2691: UserWarning: X does not have valid feature names, but LGBMRegressor was fitted with feature names
  warnings.warn(
  LOCO 18/19 surprise_credit_extension_trap_j_2
/Users/lucawurker/Desktop/Imperial/Master Thesis/QuantFundAgent/venv/lib/python3.13/site-packages/sklearn/utils/validation.py:2691: UserWarning: X does not have valid feature names, but LGBMRegressor was fitted with feature names
  warnings.warn(
  LOCO 19/19 cash_validated_efficiency_transfer_diffusion_j
wrote /Users/lucawurker/Desktop/Imperial/Master Thesis/QuantFundAgent/data/workspaces/fmp_archive_equity_nasdaq100pit/preruns/L2WF_terra_s0/analysis_data.json
wrote /Users/lucawurker/Desktop/Imperial/Master Thesis/QuantFundAgent/data/workspaces/fmp_archive_equity_nasdaq100pit/preruns/L2WF_terra_s0/analysis_report.md
