14:03:02  INFO    replay VERIFIED: final archive 19/19, evictions 169/169 match
14:03:03  INFO    Loading panel from ticker_data (fields=['accountsPayable', 'acquisitionsNet', 'assetGrowth', 'assetTurnover', 'bookValuePerShare', 'bookValuePerShareGrowth', 'capex', 'capexPerShare', 'capexToOperatingCashFlow', 'capexToRevenue', 'cash', 'cashConversionCycle', 'cashPerShare', 'cashRatio', 'changeInWorkingCapital', 'close', 'costOfRevenue', 'currentRatio', 'daysInventoryOutstanding', 'daysPayablesOutstanding', 'daysSalesOutstanding', 'debtGrowth', 'debtToAssets', 'debtToCapital', 'debtToEquity', 'depreciationAmortization', 'dividendPayoutRatio', 'dividendPerShareGrowth', 'dividendYield', 'dividendsPaid', 'earningsYield', 'ebit', 'ebitGrowth', 'ebitMargin', 'ebitda', 'ebitdaGrowth', 'ebitdaMargin', 'enterpriseValue', 'eps', 'epsActual', 'epsDiluted', 'epsDilutedGrowth', 'epsEstimate', 'epsGrowth', 'epsSurprise', 'evToEbitda', 'evToFreeCashFlow', 'evToOperatingCashFlow', 'evToSales', 'financialLeverage', 'freeCashFlow', 'freeCashFlowGrowth', 'freeCashFlowPerShare', 'freeCashFlowYield', 'goodwill', 'grahamNumber', 'grossMargin', 'grossProfit', 'grossProfitGrowth', 'high', 'incomeBeforeTax', 'incomeQuality', 'incomeTaxExpense', 'industry', 'intangibleAssets', 'intangiblesToAssets', 'interestCoverage', 'interestExpense', 'inventory', 'inventoryGrowth', 'inventoryTurnover', 'investedCapital', 'longTermDebt', 'low', 'marketCap', 'netDebtIssuance', 'netDebtToEbitda', 'netIncome', 'netIncomeGrowth', 'netIncomeGrowth3Y', 'netIncomeGrowth5Y', 'netIncomePerShare', 'netMargin', 'netStockIssuance', 'open', 'operatingCashFlow', 'operatingCashFlowGrowth', 'operatingCashFlowPerShare', 'operatingCycle', 'operatingExpenses', 'operatingIncome', 'operatingIncomeGrowth', 'operatingMargin', 'payablesTurnover', 'pbRatio', 'peRatio', 'pegRatio', 'pfcfRatio', 'pocfRatio', 'ppe', 'pretaxMargin', 'psRatio', 'quickRatio', 'rdExpense', 'rdExpenseGrowth', 'rdToRevenue', 'receivables', 'receivablesGrowth', 'receivablesTurnover', 'retainedEarnings', 'returns', 'revenue', 'revenueActual', 'revenueEstimate', 'revenueGrowth', 'revenueGrowth3Y', 'revenueGrowth5Y', 'revenuePerShare', 'revenueSurprise', 'roa', 'roce', 'roe', 'roic', 'sbcToRevenue', 'sector', 'sgaExpense', 'sgaExpenseGrowth', 'sgaToRevenue', 'shareRepurchase', 'sharesDiluted', 'sharesGrowth', 'sharesOutstanding', 'shortTermDebt', 'stockBasedCompensation', 'tangibleBookValuePerShare', 'totalAssets', 'totalCurrentAssets', 'totalCurrentLiabilities', 'totalDebt', 'totalEquity', 'totalLiabilities', 'volume', 'vwap', 'workingCapital'], n_tickers=all) …
14:05:48  INFO    Panel loaded in 165.4s (232 tickers, 144 fields)
14:05:51  INFO    computing 78 unique factor signals
/Users/lucawurker/Desktop/Imperial/Master Thesis/QuantFundAgent/venv/lib/python3.13/site-packages/pandas/core/internals/blocks.py:347: RuntimeWarning: divide by zero encountered in log
  result = func(self.values, **kwargs)
/Users/lucawurker/Desktop/Imperial/Master Thesis/QuantFundAgent/venv/lib/python3.13/site-packages/sklearn/utils/validation.py:2691: UserWarning: X does not have valid feature names, but LGBMRegressor was fitted with feature names
  warnings.warn(
14:07:33  INFO    [master|block@gen11] 15 factors  sharpe=2.28  turn=0.297  pos=102
/Users/lucawurker/Desktop/Imperial/Master Thesis/QuantFundAgent/venv/lib/python3.13/site-packages/sklearn/utils/validation.py:2691: UserWarning: X does not have valid feature names, but LGBMRegressor was fitted with feature names
  warnings.warn(
14:08:20  INFO    [master|block@gen12] 18 factors  sharpe=-1.04  turn=0.164  pos=102
/Users/lucawurker/Desktop/Imperial/Master Thesis/QuantFundAgent/venv/lib/python3.13/site-packages/sklearn/utils/validation.py:2691: UserWarning: X does not have valid feature names, but LGBMRegressor was fitted with feature names
  warnings.warn(
14:09:02  INFO    [master|block@gen13] 19 factors  sharpe=-1.32  turn=0.241  pos=102
/Users/lucawurker/Desktop/Imperial/Master Thesis/QuantFundAgent/venv/lib/python3.13/site-packages/sklearn/utils/validation.py:2691: UserWarning: X does not have valid feature names, but LGBMRegressor was fitted with feature names
  warnings.warn(
14:09:44  INFO    [master|block@gen14] 19 factors  sharpe=-0.87  turn=0.203  pos=101
/Users/lucawurker/Desktop/Imperial/Master Thesis/QuantFundAgent/venv/lib/python3.13/site-packages/sklearn/utils/validation.py:2691: UserWarning: X does not have valid feature names, but LGBMRegressor was fitted with feature names
  warnings.warn(
14:10:24  INFO    [master|block@gen15] 21 factors  sharpe=1.96  turn=0.255  pos=101
/Users/lucawurker/Desktop/Imperial/Master Thesis/QuantFundAgent/venv/lib/python3.13/site-packages/sklearn/utils/validation.py:2691: UserWarning: X does not have valid feature names, but LGBMRegressor was fitted with feature names
  warnings.warn(
14:11:11  INFO    [master|block@gen16] 16 factors  sharpe=1.86  turn=0.318  pos=101
/Users/lucawurker/Desktop/Imperial/Master Thesis/QuantFundAgent/venv/lib/python3.13/site-packages/sklearn/utils/validation.py:2691: UserWarning: X does not have valid feature names, but LGBMRegressor was fitted with feature names
  warnings.warn(
14:11:58  INFO    [master|block@gen17] 19 factors  sharpe=-0.78  turn=0.159  pos=101
/Users/lucawurker/Desktop/Imperial/Master Thesis/QuantFundAgent/venv/lib/python3.13/site-packages/sklearn/utils/validation.py:2691: UserWarning: X does not have valid feature names, but LGBMRegressor was fitted with feature names
  warnings.warn(
14:12:42  INFO    [master|block@gen18] 17 factors  sharpe=-1.16  turn=0.196  pos=101
/Users/lucawurker/Desktop/Imperial/Master Thesis/QuantFundAgent/venv/lib/python3.13/site-packages/sklearn/utils/validation.py:2691: UserWarning: X does not have valid feature names, but LGBMRegressor was fitted with feature names
  warnings.warn(
14:13:25  INFO    [master|block@gen19] 16 factors  sharpe=2.92  turn=0.340  pos=101
/Users/lucawurker/Desktop/Imperial/Master Thesis/QuantFundAgent/venv/lib/python3.13/site-packages/sklearn/utils/validation.py:2691: UserWarning: X does not have valid feature names, but LGBMRegressor was fitted with feature names
  warnings.warn(
14:14:33  INFO    [master|block@gen20] 22 factors  sharpe=2.59  turn=0.151  pos=101
14:14:33  INFO    [master] STITCHED sharpe=0.6928814046652304 ann_ret=0.06941935551869075 vol=0.10018937591813581
14:14:33  INFO    [aggressive_short_term|block@gen11] theme matched 0 — falling back to full book
14:14:34  INFO    [aggressive_short_term|block@gen11] 15 factors  sharpe=1.28  turn=0.532  pos=17
14:14:34  INFO    [aggressive_short_term|block@gen12] theme matched 0 — falling back to full book
14:14:35  INFO    [aggressive_short_term|block@gen12] 18 factors  sharpe=0.18  turn=0.324  pos=17
14:14:35  INFO    [aggressive_short_term|block@gen13] theme matched 0 — falling back to full book
14:14:36  INFO    [aggressive_short_term|block@gen13] 19 factors  sharpe=0.29  turn=0.385  pos=18
14:14:36  INFO    [aggressive_short_term|block@gen14] theme matched 1 — falling back to full book
14:14:37  INFO    [aggressive_short_term|block@gen14] 19 factors  sharpe=-0.03  turn=0.380  pos=17
14:14:37  INFO    [aggressive_short_term|block@gen15] theme matched 1 — falling back to full book
14:14:37  INFO    [aggressive_short_term|block@gen15] 21 factors  sharpe=1.40  turn=0.422  pos=17
14:14:37  INFO    [aggressive_short_term|block@gen16] theme matched 2 — falling back to full book
14:14:38  INFO    [aggressive_short_term|block@gen16] 16 factors  sharpe=0.10  turn=0.514  pos=17
14:14:38  INFO    [aggressive_short_term|block@gen17] theme matched 2 — falling back to full book
14:14:39  INFO    [aggressive_short_term|block@gen17] 19 factors  sharpe=-1.73  turn=0.307  pos=18
14:14:39  INFO    [aggressive_short_term|block@gen18] theme matched 2 — falling back to full book
14:14:40  INFO    [aggressive_short_term|block@gen18] 17 factors  sharpe=-2.52  turn=0.351  pos=17
/Users/lucawurker/Desktop/Imperial/Master Thesis/QuantFundAgent/venv/lib/python3.13/site-packages/sklearn/utils/validation.py:2691: UserWarning: X does not have valid feature names, but LGBMRegressor was fitted with feature names
  warnings.warn(
14:14:57  INFO    [aggressive_short_term|block@gen19] 3 factors  sharpe=1.29  turn=0.378  pos=17
/Users/lucawurker/Desktop/Imperial/Master Thesis/QuantFundAgent/venv/lib/python3.13/site-packages/sklearn/utils/validation.py:2691: UserWarning: X does not have valid feature names, but LGBMRegressor was fitted with feature names
  warnings.warn(
14:15:15  INFO    [aggressive_short_term|block@gen20] 3 factors  sharpe=1.20  turn=0.230  pos=17
14:15:15  INFO    [aggressive_short_term] STITCHED sharpe=0.1578872713061894 ann_ret=0.024150661865449456 vol=0.15296142409488026
/Users/lucawurker/Desktop/Imperial/Master Thesis/QuantFundAgent/venv/lib/python3.13/site-packages/sklearn/utils/validation.py:2691: UserWarning: X does not have valid feature names, but LGBMRegressor was fitted with feature names
  warnings.warn(
14:15:42  INFO    [defensive_low_turnover|block@gen11] 14 factors  sharpe=-1.15  turn=0.076  pos=14
/Users/lucawurker/Desktop/Imperial/Master Thesis/QuantFundAgent/venv/lib/python3.13/site-packages/sklearn/utils/validation.py:2691: UserWarning: X does not have valid feature names, but LGBMRegressor was fitted with feature names
  warnings.warn(
14:16:11  INFO    [defensive_low_turnover|block@gen12] 14 factors  sharpe=0.64  turn=0.048  pos=14
/Users/lucawurker/Desktop/Imperial/Master Thesis/QuantFundAgent/venv/lib/python3.13/site-packages/sklearn/utils/validation.py:2691: UserWarning: X does not have valid feature names, but LGBMRegressor was fitted with feature names
  warnings.warn(
14:16:53  INFO    [defensive_low_turnover|block@gen13] 14 factors  sharpe=-0.52  turn=0.024  pos=14
/Users/lucawurker/Desktop/Imperial/Master Thesis/QuantFundAgent/venv/lib/python3.13/site-packages/sklearn/utils/validation.py:2691: UserWarning: X does not have valid feature names, but LGBMRegressor was fitted with feature names
  warnings.warn(
14:17:35  INFO    [defensive_low_turnover|block@gen14] 14 factors  sharpe=0.03  turn=0.048  pos=14
/Users/lucawurker/Desktop/Imperial/Master Thesis/QuantFundAgent/venv/lib/python3.13/site-packages/sklearn/utils/validation.py:2691: UserWarning: X does not have valid feature names, but LGBMRegressor was fitted with feature names
  warnings.warn(
14:18:03  INFO    [defensive_low_turnover|block@gen15] 14 factors  sharpe=0.89  turn=0.080  pos=14
/Users/lucawurker/Desktop/Imperial/Master Thesis/QuantFundAgent/venv/lib/python3.13/site-packages/sklearn/utils/validation.py:2691: UserWarning: X does not have valid feature names, but LGBMRegressor was fitted with feature names
  warnings.warn(
14:18:33  INFO    [defensive_low_turnover|block@gen16] 14 factors  sharpe=2.06  turn=0.047  pos=14
/Users/lucawurker/Desktop/Imperial/Master Thesis/QuantFundAgent/venv/lib/python3.13/site-packages/sklearn/utils/validation.py:2691: UserWarning: X does not have valid feature names, but LGBMRegressor was fitted with feature names
  warnings.warn(
14:18:59  INFO    [defensive_low_turnover|block@gen17] 14 factors  sharpe=0.06  turn=0.048  pos=14
/Users/lucawurker/Desktop/Imperial/Master Thesis/QuantFundAgent/venv/lib/python3.13/site-packages/sklearn/utils/validation.py:2691: UserWarning: X does not have valid feature names, but LGBMRegressor was fitted with feature names
  warnings.warn(
14:19:37  INFO    [defensive_low_turnover|block@gen18] 14 factors  sharpe=-1.16  turn=0.038  pos=14
/Users/lucawurker/Desktop/Imperial/Master Thesis/QuantFundAgent/venv/lib/python3.13/site-packages/sklearn/utils/validation.py:2691: UserWarning: X does not have valid feature names, but LGBMRegressor was fitted with feature names
  warnings.warn(
14:20:20  INFO    [defensive_low_turnover|block@gen19] 14 factors  sharpe=1.23  turn=0.045  pos=13
/Users/lucawurker/Desktop/Imperial/Master Thesis/QuantFundAgent/venv/lib/python3.13/site-packages/sklearn/utils/validation.py:2691: UserWarning: X does not have valid feature names, but LGBMRegressor was fitted with feature names
  warnings.warn(
14:21:06  INFO    [defensive_low_turnover|block@gen20] 14 factors  sharpe=1.52  turn=0.038  pos=14
14:21:06  INFO    [defensive_low_turnover] STITCHED sharpe=0.3663834993783488 ann_ret=0.021969286495328557 vol=0.05996254343496458
/Users/lucawurker/Desktop/Imperial/Master Thesis/QuantFundAgent/venv/lib/python3.13/site-packages/sklearn/utils/validation.py:2691: UserWarning: X does not have valid feature names, but LGBMRegressor was fitted with feature names
  warnings.warn(
14:21:22  INFO    [earnings_events|block@gen11] 5 factors  sharpe=2.42  turn=0.137  pos=18
/Users/lucawurker/Desktop/Imperial/Master Thesis/QuantFundAgent/venv/lib/python3.13/site-packages/sklearn/utils/validation.py:2691: UserWarning: X does not have valid feature names, but LGBMRegressor was fitted with feature names
  warnings.warn(
14:21:36  INFO    [earnings_events|block@gen12] 4 factors  sharpe=-0.10  turn=0.068  pos=17
/Users/lucawurker/Desktop/Imperial/Master Thesis/QuantFundAgent/venv/lib/python3.13/site-packages/sklearn/utils/validation.py:2691: UserWarning: X does not have valid feature names, but LGBMRegressor was fitted with feature names
  warnings.warn(
14:21:49  INFO    [earnings_events|block@gen13] 4 factors  sharpe=0.72  turn=0.039  pos=17
/Users/lucawurker/Desktop/Imperial/Master Thesis/QuantFundAgent/venv/lib/python3.13/site-packages/sklearn/utils/validation.py:2691: UserWarning: X does not have valid feature names, but LGBMRegressor was fitted with feature names
  warnings.warn(
14:21:58  INFO    [earnings_events|block@gen14] 3 factors  sharpe=-1.61  turn=0.050  pos=17
/Users/lucawurker/Desktop/Imperial/Master Thesis/QuantFundAgent/venv/lib/python3.13/site-packages/sklearn/utils/validation.py:2691: UserWarning: X does not have valid feature names, but LGBMRegressor was fitted with feature names
  warnings.warn(
14:22:19  INFO    [earnings_events|block@gen15] 6 factors  sharpe=0.16  turn=0.085  pos=18
/Users/lucawurker/Desktop/Imperial/Master Thesis/QuantFundAgent/venv/lib/python3.13/site-packages/sklearn/utils/validation.py:2691: UserWarning: X does not have valid feature names, but LGBMRegressor was fitted with feature names
  warnings.warn(
14:22:32  INFO    [earnings_events|block@gen16] 5 factors  sharpe=1.23  turn=0.130  pos=17
/Users/lucawurker/Desktop/Imperial/Master Thesis/QuantFundAgent/venv/lib/python3.13/site-packages/sklearn/utils/validation.py:2691: UserWarning: X does not have valid feature names, but LGBMRegressor was fitted with feature names
  warnings.warn(
14:23:00  INFO    [earnings_events|block@gen17] 8 factors  sharpe=-2.05  turn=0.065  pos=17
/Users/lucawurker/Desktop/Imperial/Master Thesis/QuantFundAgent/venv/lib/python3.13/site-packages/sklearn/utils/validation.py:2691: UserWarning: X does not have valid feature names, but LGBMRegressor was fitted with feature names
  warnings.warn(
14:23:25  INFO    [earnings_events|block@gen18] 6 factors  sharpe=-1.27  turn=0.070  pos=17
/Users/lucawurker/Desktop/Imperial/Master Thesis/QuantFundAgent/venv/lib/python3.13/site-packages/sklearn/utils/validation.py:2691: UserWarning: X does not have valid feature names, but LGBMRegressor was fitted with feature names
  warnings.warn(
14:23:51  INFO    [earnings_events|block@gen19] 9 factors  sharpe=-0.65  turn=0.128  pos=17
/Users/lucawurker/Desktop/Imperial/Master Thesis/QuantFundAgent/venv/lib/python3.13/site-packages/sklearn/utils/validation.py:2691: UserWarning: X does not have valid feature names, but LGBMRegressor was fitted with feature names
  warnings.warn(
14:24:21  INFO    [earnings_events|block@gen20] 13 factors  sharpe=1.42  turn=0.073  pos=17
14:24:21  INFO    [earnings_events] STITCHED sharpe=0.06073669599836979 ann_ret=0.006381224328692977 vol=0.10506373821954776
14:24:21  INFO    [diversified_all_weather|block@gen11] 15 factors  sharpe=-0.11  turn=0.152  pos=24
14:24:22  INFO    [diversified_all_weather|block@gen12] 18 factors  sharpe=-0.48  turn=0.080  pos=24
14:24:23  INFO    [diversified_all_weather|block@gen13] 19 factors  sharpe=-0.39  turn=0.046  pos=24
14:24:23  INFO    [diversified_all_weather|block@gen14] 19 factors  sharpe=0.47  turn=0.090  pos=24
14:24:24  INFO    [diversified_all_weather|block@gen15] 21 factors  sharpe=1.37  turn=0.118  pos=24
14:24:24  INFO    [diversified_all_weather|block@gen16] 16 factors  sharpe=1.34  turn=0.119  pos=23
14:24:25  INFO    [diversified_all_weather|block@gen17] 19 factors  sharpe=0.22  turn=0.081  pos=23
14:24:25  INFO    [diversified_all_weather|block@gen18] 17 factors  sharpe=-2.13  turn=0.087  pos=23
14:24:25  INFO    [diversified_all_weather|block@gen19] 16 factors  sharpe=1.99  turn=0.123  pos=24
14:24:26  INFO    [diversified_all_weather|block@gen20] 22 factors  sharpe=2.02  turn=0.055  pos=24
14:24:26  INFO    [diversified_all_weather] STITCHED sharpe=0.4635047884039815 ann_ret=0.036978342096614415 vol=0.0797798491444814
14:24:26  INFO    [contrarian_dip_buyer|block@gen11] theme matched 0 — falling back to full book
14:24:26  INFO    [contrarian_dip_buyer|block@gen11] 15 factors  sharpe=1.74  turn=0.356  pos=17
14:24:26  INFO    [contrarian_dip_buyer|block@gen12] theme matched 0 — falling back to full book
14:24:27  INFO    [contrarian_dip_buyer|block@gen12] 18 factors  sharpe=0.85  turn=0.196  pos=18
14:24:27  INFO    [contrarian_dip_buyer|block@gen13] theme matched 0 — falling back to full book
14:24:27  INFO    [contrarian_dip_buyer|block@gen13] 19 factors  sharpe=-0.54  turn=0.233  pos=18
14:24:27  INFO    [contrarian_dip_buyer|block@gen14] theme matched 0 — falling back to full book
14:24:27  INFO    [contrarian_dip_buyer|block@gen14] 19 factors  sharpe=-0.12  turn=0.254  pos=18
14:24:27  INFO    [contrarian_dip_buyer|block@gen15] theme matched 0 — falling back to full book
14:24:28  INFO    [contrarian_dip_buyer|block@gen15] 21 factors  sharpe=1.01  turn=0.272  pos=17
14:24:28  INFO    [contrarian_dip_buyer|block@gen16] theme matched 1 — falling back to full book
14:24:28  INFO    [contrarian_dip_buyer|block@gen16] 16 factors  sharpe=-0.13  turn=0.320  pos=17
14:24:28  INFO    [contrarian_dip_buyer|block@gen17] theme matched 1 — falling back to full book
14:24:29  INFO    [contrarian_dip_buyer|block@gen17] 19 factors  sharpe=-1.02  turn=0.208  pos=18
14:24:29  INFO    [contrarian_dip_buyer|block@gen18] theme matched 1 — falling back to full book
14:24:29  INFO    [contrarian_dip_buyer|block@gen18] 17 factors  sharpe=-2.43  turn=0.221  pos=17
14:24:29  INFO    [contrarian_dip_buyer|block@gen19] theme matched 1 — falling back to full book
14:24:29  INFO    [contrarian_dip_buyer|block@gen19] 16 factors  sharpe=1.74  turn=0.309  pos=17
14:24:29  INFO    [contrarian_dip_buyer|block@gen20] theme matched 1 — falling back to full book
14:24:30  INFO    [contrarian_dip_buyer|block@gen20] 22 factors  sharpe=0.86  turn=0.149  pos=17
14:24:30  INFO    [contrarian_dip_buyer] STITCHED sharpe=0.21377635947241533 ann_ret=0.025883003596415315 vol=0.12107514441864717
14:24:30  INFO    wrote /Users/lucawurker/Desktop/Imperial/Master Thesis/QuantFundAgent/data/workspaces/fmp_archive_equity_nasdaq100pit/preruns/L2WF_terra_s0/persona_strategies/report.md
