18:52:36  INFO     Loading panel from ticker_data (fields=['accountsPayable', 'acquisitionsNet', 'assetGrowth', 'assetTurnover', 'bookValuePerShare', 'bookValuePerShareGrowth', 'capex', 'capexPerShare', 'capexToOperatingCashFlow', 'capexToRevenue', 'cash', 'cashConversionCycle', 'cashPerShare', 'cashRatio', 'changeInWorkingCapital', 'close', 'costOfRevenue', 'currentRatio', 'daysInventoryOutstanding', 'daysPayablesOutstanding', 'daysSalesOutstanding', 'debtGrowth', 'debtToAssets', 'debtToCapital', 'debtToEquity', 'depreciationAmortization', 'dividendPayoutRatio', 'dividendPerShareGrowth', 'dividendYield', 'dividendsPaid', 'earningsYield', 'ebit', 'ebitGrowth', 'ebitMargin', 'ebitda', 'ebitdaGrowth', 'ebitdaMargin', 'enterpriseValue', 'eps', 'epsActual', 'epsDiluted', 'epsDilutedGrowth', 'epsEstimate', 'epsGrowth', 'epsSurprise', 'evToEbitda', 'evToFreeCashFlow', 'evToOperatingCashFlow', 'evToSales', 'financialLeverage', 'freeCashFlow', 'freeCashFlowGrowth', 'freeCashFlowPerShare', 'freeCashFlowYield', 'goodwill', 'grahamNumber', 'grossMargin', 'grossProfit', 'grossProfitGrowth', 'high', 'incomeBeforeTax', 'incomeQuality', 'incomeTaxExpense', 'industry', 'intangibleAssets', 'intangiblesToAssets', 'interestCoverage', 'interestExpense', 'inventory', 'inventoryGrowth', 'inventoryTurnover', 'investedCapital', 'longTermDebt', 'low', 'marketCap', 'netDebtIssuance', 'netDebtToEbitda', 'netIncome', 'netIncomeGrowth', 'netIncomeGrowth3Y', 'netIncomeGrowth5Y', 'netIncomePerShare', 'netMargin', 'netStockIssuance', 'open', 'operatingCashFlow', 'operatingCashFlowGrowth', 'operatingCashFlowPerShare', 'operatingCycle', 'operatingExpenses', 'operatingIncome', 'operatingIncomeGrowth', 'operatingMargin', 'payablesTurnover', 'pbRatio', 'peRatio', 'pegRatio', 'pfcfRatio', 'pocfRatio', 'ppe', 'pretaxMargin', 'psRatio', 'quickRatio', 'rdExpense', 'rdExpenseGrowth', 'rdToRevenue', 'receivables', 'receivablesGrowth', 'receivablesTurnover', 'retainedEarnings', 'returns', 'revenue', 'revenueActual', 'revenueEstimate', 'revenueGrowth', 'revenueGrowth3Y', 'revenueGrowth5Y', 'revenuePerShare', 'revenueSurprise', 'roa', 'roce', 'roe', 'roic', 'sbcToRevenue', 'sector', 'sgaExpense', 'sgaExpenseGrowth', 'sgaToRevenue', 'shareRepurchase', 'sharesDiluted', 'sharesGrowth', 'sharesOutstanding', 'shortTermDebt', 'stockBasedCompensation', 'tangibleBookValuePerShare', 'totalAssets', 'totalCurrentAssets', 'totalCurrentLiabilities', 'totalDebt', 'totalEquity', 'totalLiabilities', 'volume', 'vwap', 'workingCapital'], n_tickers=all) …
18:53:49  INFO     Panel loaded in 72.4s (232 tickers, 144 fields)
18:53:50  INFO     [aggressive_short_term] selected 20 factors from catalog
/Users/lucawurker/Desktop/Imperial/Master Thesis/QuantFundAgent/venv/lib/python3.13/site-packages/sklearn/linear_model/_coordinate_descent.py:1663: FutureWarning: 'n_alphas' was deprecated in 1.7 and will be removed in 1.9. 'alphas' now accepts an integer value which removes the need to pass 'n_alphas'. The default value of 'alphas' will change from None to 100 in 1.9. Pass an explicit value to 'alphas' and leave 'n_alphas' to its default value to silence this warning.
  warnings.warn(
18:54:12  INFO     [aggressive_short_term] lasso-prune kept 20/20
18:54:12  INFO     [aggressive_short_term_per_underlying] IS<2022-07-28 VAL<2024-07-28 FORWARD 2024-07-29->2026-07-27
18:54:34  INFO     [aggressive_short_term_per_underlying] 20/20 factors computable
18:54:35  INFO     [aggressive_short_term_per_underlying] ridge: VAL IC=0.0338 sharpe=-0.34709550324610483
/Users/lucawurker/Desktop/Imperial/Master Thesis/QuantFundAgent/venv/lib/python3.13/site-packages/sklearn/linear_model/_coordinate_descent.py:1663: FutureWarning: 'n_alphas' was deprecated in 1.7 and will be removed in 1.9. 'alphas' now accepts an integer value which removes the need to pass 'n_alphas'. The default value of 'alphas' will change from None to 100 in 1.9. Pass an explicit value to 'alphas' and leave 'n_alphas' to its default value to silence this warning.
  warnings.warn(
18:54:37  INFO     [aggressive_short_term_per_underlying] elastic_net: VAL IC=0.0356 sharpe=-0.27714928491417457
18:55:07  INFO     [aggressive_short_term_per_underlying] random_forest: VAL IC=0.0393 sharpe=0.4608971587428997
/Users/lucawurker/Desktop/Imperial/Master Thesis/QuantFundAgent/venv/lib/python3.13/site-packages/sklearn/utils/validation.py:2691: UserWarning: X does not have valid feature names, but LGBMRegressor was fitted with feature names
  warnings.warn(
18:55:10  INFO     [aggressive_short_term_per_underlying] lightgbm: VAL IC=0.0331 sharpe=-0.004124990309707214
18:55:10  INFO     [aggressive_short_term_per_underlying] winner on VAL IC: random_forest (n_trials=5)
18:55:57  INFO     [defensive_low_turnover] selected 14 factors from catalog
/Users/lucawurker/Desktop/Imperial/Master Thesis/QuantFundAgent/venv/lib/python3.13/site-packages/sklearn/linear_model/_coordinate_descent.py:1663: FutureWarning: 'n_alphas' was deprecated in 1.7 and will be removed in 1.9. 'alphas' now accepts an integer value which removes the need to pass 'n_alphas'. The default value of 'alphas' will change from None to 100 in 1.9. Pass an explicit value to 'alphas' and leave 'n_alphas' to its default value to silence this warning.
  warnings.warn(
18:56:05  INFO     [defensive_low_turnover] lasso-prune kept 14/14
18:56:05  INFO     [defensive_low_turnover_per_underlying] IS<2022-07-28 VAL<2024-07-28 FORWARD 2024-07-29->2026-07-27
18:56:12  INFO     [defensive_low_turnover_per_underlying] 14/14 factors computable
18:56:13  INFO     [defensive_low_turnover_per_underlying] ridge: VAL IC=0.0056 sharpe=-0.5570093819486767
/Users/lucawurker/Desktop/Imperial/Master Thesis/QuantFundAgent/venv/lib/python3.13/site-packages/sklearn/linear_model/_coordinate_descent.py:1663: FutureWarning: 'n_alphas' was deprecated in 1.7 and will be removed in 1.9. 'alphas' now accepts an integer value which removes the need to pass 'n_alphas'. The default value of 'alphas' will change from None to 100 in 1.9. Pass an explicit value to 'alphas' and leave 'n_alphas' to its default value to silence this warning.
  warnings.warn(
18:56:14  INFO     [defensive_low_turnover_per_underlying] elastic_net: VAL IC=-0.0000 sharpe=None
18:56:36  INFO     [defensive_low_turnover_per_underlying] random_forest: VAL IC=0.0153 sharpe=-0.5948801647267472
/Users/lucawurker/Desktop/Imperial/Master Thesis/QuantFundAgent/venv/lib/python3.13/site-packages/sklearn/utils/validation.py:2691: UserWarning: X does not have valid feature names, but LGBMRegressor was fitted with feature names
  warnings.warn(
18:56:39  INFO     [defensive_low_turnover_per_underlying] lightgbm: VAL IC=0.0174 sharpe=-0.21331955746813402
18:56:39  INFO     [defensive_low_turnover_per_underlying] winner on VAL IC: lightgbm (n_trials=5)
/Users/lucawurker/Desktop/Imperial/Master Thesis/QuantFundAgent/venv/lib/python3.13/site-packages/sklearn/utils/validation.py:2691: UserWarning: X does not have valid feature names, but LGBMRegressor was fitted with feature names
  warnings.warn(
18:56:41  INFO     [earnings_events] selected 16 factors from catalog
/Users/lucawurker/Desktop/Imperial/Master Thesis/QuantFundAgent/venv/lib/python3.13/site-packages/sklearn/linear_model/_coordinate_descent.py:1663: FutureWarning: 'n_alphas' was deprecated in 1.7 and will be removed in 1.9. 'alphas' now accepts an integer value which removes the need to pass 'n_alphas'. The default value of 'alphas' will change from None to 100 in 1.9. Pass an explicit value to 'alphas' and leave 'n_alphas' to its default value to silence this warning.
  warnings.warn(
18:57:04  INFO     [earnings_events] lasso-prune kept 16/16
18:57:04  INFO     [earnings_events_per_underlying] IS<2022-07-28 VAL<2024-07-28 FORWARD 2024-07-29->2026-07-27
18:57:25  INFO     [earnings_events_per_underlying] 16/16 factors computable
18:57:26  INFO     [earnings_events_per_underlying] ridge: VAL IC=0.0250 sharpe=-0.023397852534696912
/Users/lucawurker/Desktop/Imperial/Master Thesis/QuantFundAgent/venv/lib/python3.13/site-packages/sklearn/linear_model/_coordinate_descent.py:1663: FutureWarning: 'n_alphas' was deprecated in 1.7 and will be removed in 1.9. 'alphas' now accepts an integer value which removes the need to pass 'n_alphas'. The default value of 'alphas' will change from None to 100 in 1.9. Pass an explicit value to 'alphas' and leave 'n_alphas' to its default value to silence this warning.
  warnings.warn(
18:57:27  INFO     [earnings_events_per_underlying] elastic_net: VAL IC=0.0341 sharpe=0.09058706915410761
18:57:45  INFO     [earnings_events_per_underlying] random_forest: VAL IC=0.0350 sharpe=0.32196097693019415
/Users/lucawurker/Desktop/Imperial/Master Thesis/QuantFundAgent/venv/lib/python3.13/site-packages/sklearn/utils/validation.py:2691: UserWarning: X does not have valid feature names, but LGBMRegressor was fitted with feature names
  warnings.warn(
18:57:47  INFO     [earnings_events_per_underlying] lightgbm: VAL IC=0.0306 sharpe=0.0735052003911798
18:57:47  INFO     [earnings_events_per_underlying] winner on VAL IC: random_forest (n_trials=5)
18:58:12  INFO     [diversified_all_weather] selected 24 factors from catalog
/Users/lucawurker/Desktop/Imperial/Master Thesis/QuantFundAgent/venv/lib/python3.13/site-packages/sklearn/linear_model/_coordinate_descent.py:1663: FutureWarning: 'n_alphas' was deprecated in 1.7 and will be removed in 1.9. 'alphas' now accepts an integer value which removes the need to pass 'n_alphas'. The default value of 'alphas' will change from None to 100 in 1.9. Pass an explicit value to 'alphas' and leave 'n_alphas' to its default value to silence this warning.
  warnings.warn(
18:58:44  INFO     [diversified_all_weather] lasso-prune kept 24/24
18:58:44  INFO     [diversified_all_weather_per_underlying] IS<2022-07-28 VAL<2024-07-28 FORWARD 2024-07-29->2026-07-27
18:59:15  INFO     [diversified_all_weather_per_underlying] 24/24 factors computable
18:59:16  INFO     [diversified_all_weather_per_underlying] ridge: VAL IC=0.0395 sharpe=0.09846735806937403
/Users/lucawurker/Desktop/Imperial/Master Thesis/QuantFundAgent/venv/lib/python3.13/site-packages/sklearn/linear_model/_coordinate_descent.py:1663: FutureWarning: 'n_alphas' was deprecated in 1.7 and will be removed in 1.9. 'alphas' now accepts an integer value which removes the need to pass 'n_alphas'. The default value of 'alphas' will change from None to 100 in 1.9. Pass an explicit value to 'alphas' and leave 'n_alphas' to its default value to silence this warning.
  warnings.warn(
18:59:18  INFO     [diversified_all_weather_per_underlying] elastic_net: VAL IC=-0.0000 sharpe=None
18:59:49  INFO     [diversified_all_weather_per_underlying] random_forest: VAL IC=0.0521 sharpe=0.381344634821206
/Users/lucawurker/Desktop/Imperial/Master Thesis/QuantFundAgent/venv/lib/python3.13/site-packages/sklearn/utils/validation.py:2691: UserWarning: X does not have valid feature names, but LGBMRegressor was fitted with feature names
  warnings.warn(
18:59:52  INFO     [diversified_all_weather_per_underlying] lightgbm: VAL IC=0.0453 sharpe=0.07726340009828489
18:59:52  INFO     [diversified_all_weather_per_underlying] winner on VAL IC: random_forest (n_trials=5)
19:00:40  INFO     [contrarian_dip_buyer] selected 18 factors from catalog
/Users/lucawurker/Desktop/Imperial/Master Thesis/QuantFundAgent/venv/lib/python3.13/site-packages/pandas/core/internals/blocks.py:347: RuntimeWarning: divide by zero encountered in log
  result = func(self.values, **kwargs)
/Users/lucawurker/Desktop/Imperial/Master Thesis/QuantFundAgent/venv/lib/python3.13/site-packages/sklearn/linear_model/_coordinate_descent.py:1663: FutureWarning: 'n_alphas' was deprecated in 1.7 and will be removed in 1.9. 'alphas' now accepts an integer value which removes the need to pass 'n_alphas'. The default value of 'alphas' will change from None to 100 in 1.9. Pass an explicit value to 'alphas' and leave 'n_alphas' to its default value to silence this warning.
  warnings.warn(
19:01:01  INFO     [contrarian_dip_buyer] lasso-prune kept 18/18
19:01:01  INFO     [contrarian_dip_buyer_per_underlying] IS<2022-07-28 VAL<2024-07-28 FORWARD 2024-07-29->2026-07-27
/Users/lucawurker/Desktop/Imperial/Master Thesis/QuantFundAgent/venv/lib/python3.13/site-packages/pandas/core/internals/blocks.py:347: RuntimeWarning: divide by zero encountered in log
  result = func(self.values, **kwargs)
19:01:24  INFO     [contrarian_dip_buyer_per_underlying] 18/18 factors computable
19:01:24  INFO     [contrarian_dip_buyer_per_underlying] ridge: VAL IC=0.0249 sharpe=-0.5808341781487273
/Users/lucawurker/Desktop/Imperial/Master Thesis/QuantFundAgent/venv/lib/python3.13/site-packages/sklearn/linear_model/_coordinate_descent.py:1663: FutureWarning: 'n_alphas' was deprecated in 1.7 and will be removed in 1.9. 'alphas' now accepts an integer value which removes the need to pass 'n_alphas'. The default value of 'alphas' will change from None to 100 in 1.9. Pass an explicit value to 'alphas' and leave 'n_alphas' to its default value to silence this warning.
  warnings.warn(
19:01:26  INFO     [contrarian_dip_buyer_per_underlying] elastic_net: VAL IC=0.0247 sharpe=-0.5208681032905207
19:02:22  INFO     [contrarian_dip_buyer_per_underlying] random_forest: VAL IC=0.0363 sharpe=0.22712378793358234
/Users/lucawurker/Desktop/Imperial/Master Thesis/QuantFundAgent/venv/lib/python3.13/site-packages/sklearn/utils/validation.py:2691: UserWarning: X does not have valid feature names, but LGBMRegressor was fitted with feature names
  warnings.warn(
19:02:27  INFO     [contrarian_dip_buyer_per_underlying] lightgbm: VAL IC=0.0417 sharpe=0.5112601229292388
19:02:27  INFO     [contrarian_dip_buyer_per_underlying] winner on VAL IC: lightgbm (n_trials=5)
/Users/lucawurker/Desktop/Imperial/Master Thesis/QuantFundAgent/venv/lib/python3.13/site-packages/sklearn/utils/validation.py:2691: UserWarning: X does not have valid feature names, but LGBMRegressor was fitted with feature names
  warnings.warn(
{
  "persona": "aggressive_short_term",
  "n_factors": 20,
  "winner": "random_forest",
  "val_ic": 0.03931487753332105,
  "fwd_sharpe": 0.14715021786127686,
  "fwd_ic": 0.02419719476771584,
  "dsr": 0.3683616966004999,
  "pbo_val": 0.28174603174603174
}
{
  "persona": "defensive_low_turnover",
  "n_factors": 14,
  "winner": "lightgbm",
  "val_ic": 0.01744956264871447,
  "fwd_sharpe": 0.054724820399826,
  "fwd_ic": 0.0343149620162597,
  "dsr": 0.416615083297201,
  "pbo_val": 0.8492063492063492
}
{
  "persona": "earnings_events",
  "n_factors": 16,
  "winner": "random_forest",
  "val_ic": 0.034961282842539194,
  "fwd_sharpe": 0.24830527699926822,
  "fwd_ic": 0.031540114547489916,
  "dsr": 0.5575988024335562,
  "pbo_val": 0.8095238095238095
}
{
  "persona": "diversified_all_weather",
  "n_factors": 24,
  "winner": "random_forest",
  "val_ic": 0.05214357086662953,
  "fwd_sharpe": 0.2735960237126504,
  "fwd_ic": 0.0475427681214681,
  "dsr": 0.5632980113607081,
  "pbo_val": 0.8333333333333334
}
{
  "persona": "contrarian_dip_buyer",
  "n_factors": 18,
  "winner": "lightgbm",
  "val_ic": 0.04172970758559678,
  "fwd_sharpe": 0.6336717436460626,
  "fwd_ic": 0.0362319516089939,
  "dsr": 0.5440666698862856,
  "pbo_val": 0.3373015873015873
}

ALL PERSONAS DONE -> /Users/lucawurker/Desktop/Imperial/Master Thesis/QuantFundAgent/data/books/catalog_terra_l4_v1/sample_strategies_per_underlying/summary.json
