03:32:03  INFO     run_model_comparison    Comparison 'gld_hf_l4wf' over 1 prerun(s): ['L4WF_gld_s0']
03:32:03  INFO     run_model_comparison    universe: explicit tickers ['GLD']
03:32:04  INFO     comparison.factors      loading comparison panel: provider=lobster asset_class=equity frequency=10s universe=explicit start=None end=None
03:32:13  INFO     backtesting.data_loader  loaded 1 tickers, skipped 0
03:32:13  INFO     comparison.factors      explicit universe: 1/1 requested tickers loaded
03:32:13  WARNING  run_model_comparison    universe has 1 ticker(s): this comparison is CROSS-SECTIONAL (rank-IC, the ML fits and factor correlations all need ≥2 names), so IC/brute-force will be degenerate. For speed prefer --max-bars over --n-tickers.
03:32:13  INFO     comparison.factors      usable_factor_ids: probing 26 factors (computing signals) ...
03:32:13  INFO     comparison.factors      usable_factor_ids: [1/26] ...
/Users/lucawurker/Desktop/Imperial/Master Thesis/QuantFundAgent/venv/lib/python3.13/site-packages/pandas/core/internals/blocks.py:347: RuntimeWarning: divide by zero encountered in log
  result = func(self.values, **kwargs)
03:32:38  INFO     comparison.factors      usable_factor_ids: [21/26] ...
03:32:42  INFO     run_model_comparison    prerun 'L4WF_gld_s0': 26/26 factors usable on current data
03:32:43  INFO     comparison.plots        wrote figure data/comparisons/gld_hf_l4wf/figures/factor_usability.png
03:32:43  INFO     run_model_comparison    ── track 'ic' starting ──
03:32:43  INFO     comparison.ic           IC: prerun 'L4WF_gld_s0' — 26 factors at horizons [1, 60, 60] (mode=per_underlying)
03:32:43  INFO     comparison.ic           IC: prerun 'L4WF_gld_s0' [1/26] ...
03:32:45  INFO     comparison.ic           IC: prerun 'L4WF_gld_s0' [11/26] ...
03:32:47  INFO     comparison.ic           IC: prerun 'L4WF_gld_s0' [21/26] ...
03:32:48  INFO     comparison.report       wrote table data/comparisons/gld_hf_l4wf/ic_results.csv (26 rows)
03:32:48  INFO     comparison.report       wrote table data/comparisons/gld_hf_l4wf/ic_summary.csv (1 rows)
03:32:48  INFO     comparison.plots        wrote figure data/comparisons/gld_hf_l4wf/figures/factor_usability.png
03:32:48  INFO     comparison.plots        wrote figure data/comparisons/gld_hf_l4wf/figures/ic_distribution_h60.png
03:32:48  INFO     comparison.plots        wrote figure data/comparisons/gld_hf_l4wf/figures/ic_top_factors_h60.png
03:32:48  INFO     comparison.plots        wrote figure data/comparisons/gld_hf_l4wf/figures/ic_mean_by_horizon.png
03:32:48  INFO     run_model_comparison    ── track 'analytics' starting ──
03:32:48  INFO     comparison.analytics    diversity: prerun 'L4WF_gld_s0' — correlating 26 factors
03:32:50  INFO     comparison.analytics    modelview: prerun 'L4WF_gld_s0' — importance on 49737 rows × 26 factors (lasso,gradient_boosting)
/Users/lucawurker/Desktop/Imperial/Master Thesis/QuantFundAgent/venv/lib/python3.13/site-packages/sklearn/linear_model/_coordinate_descent.py:1663: FutureWarning: 'n_alphas' was deprecated in 1.7 and will be removed in 1.9. 'alphas' now accepts an integer value which removes the need to pass 'n_alphas'. The default value of 'alphas' will change from None to 100 in 1.9. Pass an explicit value to 'alphas' and leave 'n_alphas' to its default value to silence this warning.
  warnings.warn(
03:32:56  INFO     comparison.report       wrote table data/comparisons/gld_hf_l4wf/ic_results.csv (26 rows)
03:32:56  INFO     comparison.report       wrote table data/comparisons/gld_hf_l4wf/ic_summary.csv (1 rows)
03:32:56  INFO     comparison.report       wrote table data/comparisons/gld_hf_l4wf/analytics_diversity_summary.csv (1 rows)
03:32:56  INFO     comparison.report       wrote table data/comparisons/gld_hf_l4wf/analytics_diversity_factor.csv (26 rows)
03:32:56  INFO     comparison.report       wrote table data/comparisons/gld_hf_l4wf/analytics_modelview_summary.csv (1 rows)
03:32:56  INFO     comparison.report       wrote table data/comparisons/gld_hf_l4wf/analytics_importance.csv (20 rows)
03:32:56  INFO     comparison.plots        wrote figure data/comparisons/gld_hf_l4wf/figures/factor_usability.png
03:32:56  INFO     comparison.plots        wrote figure data/comparisons/gld_hf_l4wf/figures/ic_distribution_h60.png
03:32:57  INFO     comparison.plots        wrote figure data/comparisons/gld_hf_l4wf/figures/ic_top_factors_h60.png
03:32:57  INFO     comparison.plots        wrote figure data/comparisons/gld_hf_l4wf/figures/ic_mean_by_horizon.png
03:32:57  INFO     comparison.plots        wrote figure data/comparisons/gld_hf_l4wf/figures/effective_factors.png
03:32:57  INFO     comparison.plots        wrote figure data/comparisons/gld_hf_l4wf/figures/factor_correlation_L4WF_gld_s0.png
03:32:57  INFO     comparison.plots        wrote figure data/comparisons/gld_hf_l4wf/figures/deflation.png
03:32:57  INFO     comparison.plots        wrote figure data/comparisons/gld_hf_l4wf/figures/feature_importance_lasso.png
03:32:58  INFO     comparison.plots        wrote figure data/comparisons/gld_hf_l4wf/figures/feature_importance_gradient_boosting.png
03:32:58  INFO     run_model_comparison    ── track 'bruteforce' starting ──
03:32:58  INFO     comparison.bruteforce   ML-combine: prerun 'L4WF_gld_s0' — 26 factors → 8 models (fit_scope=pooled, fit_standardize=per_underlying, position=threshold, aggregation=portfolio, horizon=60)
03:33:03  INFO     comparison.bruteforce   ML-combine: prerun 'L4WF_gld_s0' fitting 'linear_regression' → combined signal ...
03:33:06  INFO     comparison.bruteforce   ML-combine: prerun 'L4WF_gld_s0' fitting 'ridge' → combined signal ...
03:33:13  INFO     comparison.bruteforce   ML-combine: prerun 'L4WF_gld_s0' fitting 'lasso' → combined signal ...
03:33:16  INFO     comparison.bruteforce   ML-combine: prerun 'L4WF_gld_s0' fitting 'elastic_net' → combined signal ...
03:33:44  INFO     comparison.bruteforce   ML-combine: prerun 'L4WF_gld_s0' fitting 'random_forest' → combined signal ...
03:34:48  INFO     comparison.bruteforce   ML-combine: prerun 'L4WF_gld_s0' fitting 'gradient_boosting' → combined signal ...
03:38:18  INFO     comparison.bruteforce   ML-combine: prerun 'L4WF_gld_s0' fitting 'xgboost' → combined signal ...
03:38:32  INFO     comparison.bruteforce   ML-combine: prerun 'L4WF_gld_s0' fitting 'lightgbm' → combined signal ...
03:38:44  INFO     comparison.bruteforce   ML-combine: prerun 'L4WF_gld_s0' building ensemble of 8 models ...
03:38:47  INFO     comparison.report       wrote table data/comparisons/gld_hf_l4wf/ic_results.csv (26 rows)
03:38:47  INFO     comparison.report       wrote table data/comparisons/gld_hf_l4wf/ic_summary.csv (1 rows)
03:38:47  INFO     comparison.report       wrote table data/comparisons/gld_hf_l4wf/analytics_diversity_summary.csv (1 rows)
03:38:47  INFO     comparison.report       wrote table data/comparisons/gld_hf_l4wf/analytics_diversity_factor.csv (26 rows)
03:38:47  INFO     comparison.report       wrote table data/comparisons/gld_hf_l4wf/analytics_modelview_summary.csv (1 rows)
03:38:47  INFO     comparison.report       wrote table data/comparisons/gld_hf_l4wf/analytics_importance.csv (20 rows)
03:38:47  INFO     comparison.report       wrote table data/comparisons/gld_hf_l4wf/bruteforce_results.csv (9 rows)
03:38:47  INFO     comparison.plots        wrote figure data/comparisons/gld_hf_l4wf/figures/factor_usability.png
03:38:47  INFO     comparison.plots        wrote figure data/comparisons/gld_hf_l4wf/figures/ic_distribution_h60.png
03:38:47  INFO     comparison.plots        wrote figure data/comparisons/gld_hf_l4wf/figures/ic_top_factors_h60.png
03:38:47  INFO     comparison.plots        wrote figure data/comparisons/gld_hf_l4wf/figures/ic_mean_by_horizon.png
03:38:47  INFO     comparison.plots        wrote figure data/comparisons/gld_hf_l4wf/figures/effective_factors.png
03:38:48  INFO     comparison.plots        wrote figure data/comparisons/gld_hf_l4wf/figures/factor_correlation_L4WF_gld_s0.png
03:38:48  INFO     comparison.plots        wrote figure data/comparisons/gld_hf_l4wf/figures/deflation.png
03:38:48  INFO     comparison.plots        wrote figure data/comparisons/gld_hf_l4wf/figures/feature_importance_lasso.png
03:38:48  INFO     comparison.plots        wrote figure data/comparisons/gld_hf_l4wf/figures/feature_importance_gradient_boosting.png
03:38:48  INFO     comparison.plots        wrote figure data/comparisons/gld_hf_l4wf/figures/bruteforce_oos_sharpe.png
03:38:48  INFO     comparison.plots        wrote figure data/comparisons/gld_hf_l4wf/figures/bruteforce_ic_heatmap.png
03:38:48  INFO     comparison.plots        wrote figure data/comparisons/gld_hf_l4wf/figures/bruteforce_is_vs_oos.png
03:38:48  INFO     comparison.report       wrote table data/comparisons/gld_hf_l4wf/ic_results.csv (26 rows)
03:38:48  INFO     comparison.report       wrote table data/comparisons/gld_hf_l4wf/ic_summary.csv (1 rows)
03:38:48  INFO     comparison.report       wrote table data/comparisons/gld_hf_l4wf/analytics_diversity_summary.csv (1 rows)
03:38:48  INFO     comparison.report       wrote table data/comparisons/gld_hf_l4wf/analytics_diversity_factor.csv (26 rows)
03:38:48  INFO     comparison.report       wrote table data/comparisons/gld_hf_l4wf/analytics_modelview_summary.csv (1 rows)
03:38:48  INFO     comparison.report       wrote table data/comparisons/gld_hf_l4wf/analytics_importance.csv (20 rows)
03:38:48  INFO     comparison.report       wrote table data/comparisons/gld_hf_l4wf/bruteforce_results.csv (9 rows)
03:38:49  INFO     comparison.plots        wrote figure data/comparisons/gld_hf_l4wf/figures/factor_usability.png
03:38:49  INFO     comparison.plots        wrote figure data/comparisons/gld_hf_l4wf/figures/ic_distribution_h60.png
03:38:49  INFO     comparison.plots        wrote figure data/comparisons/gld_hf_l4wf/figures/ic_top_factors_h60.png
03:38:49  INFO     comparison.plots        wrote figure data/comparisons/gld_hf_l4wf/figures/ic_mean_by_horizon.png
03:38:49  INFO     comparison.plots        wrote figure data/comparisons/gld_hf_l4wf/figures/effective_factors.png
03:38:50  INFO     comparison.plots        wrote figure data/comparisons/gld_hf_l4wf/figures/factor_correlation_L4WF_gld_s0.png
03:38:50  INFO     comparison.plots        wrote figure data/comparisons/gld_hf_l4wf/figures/deflation.png
03:38:50  INFO     comparison.plots        wrote figure data/comparisons/gld_hf_l4wf/figures/feature_importance_lasso.png
03:38:50  INFO     comparison.plots        wrote figure data/comparisons/gld_hf_l4wf/figures/feature_importance_gradient_boosting.png
03:38:50  INFO     comparison.plots        wrote figure data/comparisons/gld_hf_l4wf/figures/bruteforce_oos_sharpe.png
03:38:50  INFO     comparison.plots        wrote figure data/comparisons/gld_hf_l4wf/figures/bruteforce_ic_heatmap.png
03:38:50  INFO     comparison.plots        wrote figure data/comparisons/gld_hf_l4wf/figures/bruteforce_is_vs_oos.png
03:38:50  INFO     comparison.report       wrote report data/comparisons/gld_hf_l4wf/report.md
03:38:50  INFO     comparison.report       wrote notebook data/comparisons/gld_hf_l4wf/comparison.ipynb

================================================================================
Comparison 'gld_hf_l4wf' → data/comparisons/gld_hf_l4wf
  preruns         : ['L4WF_gld_s0']
  universe        : ['GLD']
tracks          : IC analytics brute-force
  status          : {'ic': {'status': 'ok', 'seconds': 4.8}, 'analytics': {'status': 'ok', 'seconds': 8.1}, 'bruteforce': {'status': 'ok', 'seconds': 349.1}}
  figures         : 12 → data/comparisons/gld_hf_l4wf/figures
  tables          : 10 CSV/JSON
  report          : data/comparisons/gld_hf_l4wf/report.md
  notebook        : data/comparisons/gld_hf_l4wf/comparison.ipynb
================================================================================
