15:47:54 fixed eval window 2025-01-23 -> 2026-07-27
15:47:54 Loading panel from ticker_data (fields=['accountsPayable', 'acquisitionsNet', 'assetGrowth', 'assetTurnover', 'bookValuePerShare', 'bookValuePerShareGrowth', 'capex', 'capexPerShare', 'capexToOperatingCashFlow', 'capexToRevenue', 'cash', 'cashConversionCycle', 'cashPerShare', 'cashRatio', 'changeInWorkingCapital', 'close', 'costOfRevenue', 'currentRatio', 'daysInventoryOutstanding', 'daysPayablesOutstanding', 'daysSalesOutstanding', 'debtGrowth', 'debtToAssets', 'debtToCapital', 'debtToEquity', 'depreciationAmortization', 'dividendPayoutRatio', 'dividendPerShareGrowth', 'dividendYield', 'dividendsPaid', 'earningsYield', 'ebit', 'ebitGrowth', 'ebitMargin', 'ebitda', 'ebitdaGrowth', 'ebitdaMargin', 'enterpriseValue', 'eps', 'epsActual', 'epsDiluted', 'epsDilutedGrowth', 'epsEstimate', 'epsGrowth', 'epsSurprise', 'evToEbitda', 'evToFreeCashFlow', 'evToOperatingCashFlow', 'evToSales', 'financialLeverage', 'freeCashFlow', 'freeCashFlowGrowth', 'freeCashFlowPerShare', 'freeCashFlowYield', 'goodwill', 'grahamNumber', 'grossMargin', 'grossProfit', 'grossProfitGrowth', 'high', 'incomeBeforeTax', 'incomeQuality', 'incomeTaxExpense', 'industry', 'intangibleAssets', 'intangiblesToAssets', 'interestCoverage', 'interestExpense', 'inventory', 'inventoryGrowth', 'inventoryTurnover', 'investedCapital', 'longTermDebt', 'low', 'marketCap', 'netDebtIssuance', 'netDebtToEbitda', 'netIncome', 'netIncomeGrowth', 'netIncomeGrowth3Y', 'netIncomeGrowth5Y', 'netIncomePerShare', 'netMargin', 'netStockIssuance', 'open', 'operatingCashFlow', 'operatingCashFlowGrowth', 'operatingCashFlowPerShare', 'operatingCycle', 'operatingExpenses', 'operatingIncome', 'operatingIncomeGrowth', 'operatingMargin', 'payablesTurnover', 'pbRatio', 'peRatio', 'pegRatio', 'pfcfRatio', 'pocfRatio', 'ppe', 'pretaxMargin', 'psRatio', 'quickRatio', 'rdExpense', 'rdExpenseGrowth', 'rdToRevenue', 'receivables', 'receivablesGrowth', 'receivablesTurnover', 'retainedEarnings', 'returns', 'revenue', 'revenueActual', 'revenueEstimate', 'revenueGrowth', 'revenueGrowth3Y', 'revenueGrowth5Y', 'revenuePerShare', 'revenueSurprise', 'roa', 'roce', 'roe', 'roic', 'sbcToRevenue', 'sector', 'sgaExpense', 'sgaExpenseGrowth', 'sgaToRevenue', 'shareRepurchase', 'sharesDiluted', 'sharesGrowth', 'sharesOutstanding', 'shortTermDebt', 'stockBasedCompensation', 'tangibleBookValuePerShare', 'totalAssets', 'totalCurrentAssets', 'totalCurrentLiabilities', 'totalDebt', 'totalEquity', 'totalLiabilities', 'volume', 'vwap', 'workingCapital'], n_tickers=all) …
15:49:06 Panel loaded in 72.8s (232 tickers, 144 fields)
/Users/lucawurker/Desktop/Imperial/Master Thesis/QuantFundAgent/scripts/wf_l4_learning_curve.py:99: RuntimeWarning: Mean of empty slice
  mu = np.nanmean(np.where(fit_mask[:, None], v, np.nan), axis=0)
/Users/lucawurker/Desktop/Imperial/Master Thesis/QuantFundAgent/venv/lib/python3.13/site-packages/numpy/lib/_nanfunctions_impl.py:1997: RuntimeWarning: Degrees of freedom <= 0 for slice.
  var = nanvar(a, axis=axis, dtype=dtype, out=out, ddof=ddof,
/Users/lucawurker/Desktop/Imperial/Master Thesis/QuantFundAgent/scripts/wf_l4_learning_curve.py:99: RuntimeWarning: Mean of empty slice
  mu = np.nanmean(np.where(fit_mask[:, None], v, np.nan), axis=0)
/Users/lucawurker/Desktop/Imperial/Master Thesis/QuantFundAgent/venv/lib/python3.13/site-packages/numpy/lib/_nanfunctions_impl.py:1997: RuntimeWarning: Degrees of freedom <= 0 for slice.
  var = nanvar(a, axis=axis, dtype=dtype, out=out, ddof=ddof,
/Users/lucawurker/Desktop/Imperial/Master Thesis/QuantFundAgent/scripts/wf_l4_learning_curve.py:99: RuntimeWarning: Mean of empty slice
  mu = np.nanmean(np.where(fit_mask[:, None], v, np.nan), axis=0)
/Users/lucawurker/Desktop/Imperial/Master Thesis/QuantFundAgent/venv/lib/python3.13/site-packages/numpy/lib/_nanfunctions_impl.py:1997: RuntimeWarning: Degrees of freedom <= 0 for slice.
  var = nanvar(a, axis=axis, dtype=dtype, out=out, ddof=ddof,
/Users/lucawurker/Desktop/Imperial/Master Thesis/QuantFundAgent/scripts/wf_l4_learning_curve.py:99: RuntimeWarning: Mean of empty slice
  mu = np.nanmean(np.where(fit_mask[:, None], v, np.nan), axis=0)
/Users/lucawurker/Desktop/Imperial/Master Thesis/QuantFundAgent/venv/lib/python3.13/site-packages/numpy/lib/_nanfunctions_impl.py:1997: RuntimeWarning: Degrees of freedom <= 0 for slice.
  var = nanvar(a, axis=axis, dtype=dtype, out=out, ddof=ddof,
/Users/lucawurker/Desktop/Imperial/Master Thesis/QuantFundAgent/scripts/wf_l4_learning_curve.py:99: RuntimeWarning: Mean of empty slice
  mu = np.nanmean(np.where(fit_mask[:, None], v, np.nan), axis=0)
/Users/lucawurker/Desktop/Imperial/Master Thesis/QuantFundAgent/venv/lib/python3.13/site-packages/numpy/lib/_nanfunctions_impl.py:1997: RuntimeWarning: Degrees of freedom <= 0 for slice.
  var = nanvar(a, axis=axis, dtype=dtype, out=out, ddof=ddof,
/Users/lucawurker/Desktop/Imperial/Master Thesis/QuantFundAgent/scripts/wf_l4_learning_curve.py:99: RuntimeWarning: Mean of empty slice
  mu = np.nanmean(np.where(fit_mask[:, None], v, np.nan), axis=0)
/Users/lucawurker/Desktop/Imperial/Master Thesis/QuantFundAgent/venv/lib/python3.13/site-packages/numpy/lib/_nanfunctions_impl.py:1997: RuntimeWarning: Degrees of freedom <= 0 for slice.
  var = nanvar(a, axis=axis, dtype=dtype, out=out, ddof=ddof,
15:49:36 signals 25/401
/Users/lucawurker/Desktop/Imperial/Master Thesis/QuantFundAgent/scripts/wf_l4_learning_curve.py:99: RuntimeWarning: Mean of empty slice
  mu = np.nanmean(np.where(fit_mask[:, None], v, np.nan), axis=0)
/Users/lucawurker/Desktop/Imperial/Master Thesis/QuantFundAgent/venv/lib/python3.13/site-packages/numpy/lib/_nanfunctions_impl.py:1997: RuntimeWarning: Degrees of freedom <= 0 for slice.
  var = nanvar(a, axis=axis, dtype=dtype, out=out, ddof=ddof,
/Users/lucawurker/Desktop/Imperial/Master Thesis/QuantFundAgent/venv/lib/python3.13/site-packages/pandas/core/internals/blocks.py:347: RuntimeWarning: divide by zero encountered in log
  result = func(self.values, **kwargs)
15:51:11 signals 50/401
/Users/lucawurker/Desktop/Imperial/Master Thesis/QuantFundAgent/scripts/wf_l4_learning_curve.py:99: RuntimeWarning: Mean of empty slice
  mu = np.nanmean(np.where(fit_mask[:, None], v, np.nan), axis=0)
/Users/lucawurker/Desktop/Imperial/Master Thesis/QuantFundAgent/venv/lib/python3.13/site-packages/numpy/lib/_nanfunctions_impl.py:1997: RuntimeWarning: Degrees of freedom <= 0 for slice.
  var = nanvar(a, axis=axis, dtype=dtype, out=out, ddof=ddof,
/Users/lucawurker/Desktop/Imperial/Master Thesis/QuantFundAgent/scripts/wf_l4_learning_curve.py:99: RuntimeWarning: Mean of empty slice
  mu = np.nanmean(np.where(fit_mask[:, None], v, np.nan), axis=0)
/Users/lucawurker/Desktop/Imperial/Master Thesis/QuantFundAgent/venv/lib/python3.13/site-packages/numpy/lib/_nanfunctions_impl.py:1997: RuntimeWarning: Degrees of freedom <= 0 for slice.
  var = nanvar(a, axis=axis, dtype=dtype, out=out, ddof=ddof,
/Users/lucawurker/Desktop/Imperial/Master Thesis/QuantFundAgent/venv/lib/python3.13/site-packages/pandas/core/internals/blocks.py:347: RuntimeWarning: divide by zero encountered in log
  result = func(self.values, **kwargs)
/Users/lucawurker/Desktop/Imperial/Master Thesis/QuantFundAgent/scripts/wf_l4_learning_curve.py:99: RuntimeWarning: Mean of empty slice
  mu = np.nanmean(np.where(fit_mask[:, None], v, np.nan), axis=0)
/Users/lucawurker/Desktop/Imperial/Master Thesis/QuantFundAgent/venv/lib/python3.13/site-packages/numpy/lib/_nanfunctions_impl.py:1997: RuntimeWarning: Degrees of freedom <= 0 for slice.
  var = nanvar(a, axis=axis, dtype=dtype, out=out, ddof=ddof,
<factor:volume_clock_firstpassage_impact_asymmetry>:85: RuntimeWarning: invalid value encountered in divide
/Users/lucawurker/Desktop/Imperial/Master Thesis/QuantFundAgent/scripts/wf_l4_learning_curve.py:99: RuntimeWarning: Mean of empty slice
  mu = np.nanmean(np.where(fit_mask[:, None], v, np.nan), axis=0)
/Users/lucawurker/Desktop/Imperial/Master Thesis/QuantFundAgent/venv/lib/python3.13/site-packages/numpy/lib/_nanfunctions_impl.py:1997: RuntimeWarning: Degrees of freedom <= 0 for slice.
  var = nanvar(a, axis=axis, dtype=dtype, out=out, ddof=ddof,
15:51:55 signals 75/401
/Users/lucawurker/Desktop/Imperial/Master Thesis/QuantFundAgent/scripts/wf_l4_learning_curve.py:99: RuntimeWarning: Mean of empty slice
  mu = np.nanmean(np.where(fit_mask[:, None], v, np.nan), axis=0)
/Users/lucawurker/Desktop/Imperial/Master Thesis/QuantFundAgent/venv/lib/python3.13/site-packages/numpy/lib/_nanfunctions_impl.py:1997: RuntimeWarning: Degrees of freedom <= 0 for slice.
  var = nanvar(a, axis=axis, dtype=dtype, out=out, ddof=ddof,
/Users/lucawurker/Desktop/Imperial/Master Thesis/QuantFundAgent/venv/lib/python3.13/site-packages/pandas/core/internals/blocks.py:347: RuntimeWarning: divide by zero encountered in log
  result = func(self.values, **kwargs)
/Users/lucawurker/Desktop/Imperial/Master Thesis/QuantFundAgent/scripts/wf_l4_learning_curve.py:99: RuntimeWarning: Mean of empty slice
  mu = np.nanmean(np.where(fit_mask[:, None], v, np.nan), axis=0)
/Users/lucawurker/Desktop/Imperial/Master Thesis/QuantFundAgent/venv/lib/python3.13/site-packages/numpy/lib/_nanfunctions_impl.py:1997: RuntimeWarning: Degrees of freedom <= 0 for slice.
  var = nanvar(a, axis=axis, dtype=dtype, out=out, ddof=ddof,
/Users/lucawurker/Desktop/Imperial/Master Thesis/QuantFundAgent/scripts/wf_l4_learning_curve.py:99: RuntimeWarning: Mean of empty slice
  mu = np.nanmean(np.where(fit_mask[:, None], v, np.nan), axis=0)
/Users/lucawurker/Desktop/Imperial/Master Thesis/QuantFundAgent/venv/lib/python3.13/site-packages/numpy/lib/_nanfunctions_impl.py:1997: RuntimeWarning: Degrees of freedom <= 0 for slice.
  var = nanvar(a, axis=axis, dtype=dtype, out=out, ddof=ddof,
15:52:17 signals 100/401
/Users/lucawurker/Desktop/Imperial/Master Thesis/QuantFundAgent/venv/lib/python3.13/site-packages/pandas/core/internals/blocks.py:347: RuntimeWarning: divide by zero encountered in log
  result = func(self.values, **kwargs)
/Users/lucawurker/Desktop/Imperial/Master Thesis/QuantFundAgent/venv/lib/python3.13/site-packages/pandas/core/internals/blocks.py:347: RuntimeWarning: divide by zero encountered in log
  result = func(self.values, **kwargs)
15:53:21 signals 125/401
/Users/lucawurker/Desktop/Imperial/Master Thesis/QuantFundAgent/scripts/wf_l4_learning_curve.py:99: RuntimeWarning: Mean of empty slice
  mu = np.nanmean(np.where(fit_mask[:, None], v, np.nan), axis=0)
/Users/lucawurker/Desktop/Imperial/Master Thesis/QuantFundAgent/venv/lib/python3.13/site-packages/numpy/lib/_nanfunctions_impl.py:1997: RuntimeWarning: Degrees of freedom <= 0 for slice.
  var = nanvar(a, axis=axis, dtype=dtype, out=out, ddof=ddof,
/Users/lucawurker/Desktop/Imperial/Master Thesis/QuantFundAgent/venv/lib/python3.13/site-packages/pandas/core/internals/blocks.py:347: RuntimeWarning: divide by zero encountered in log
  result = func(self.values, **kwargs)
15:53:32 signals 150/401
/Users/lucawurker/Desktop/Imperial/Master Thesis/QuantFundAgent/scripts/wf_l4_learning_curve.py:99: RuntimeWarning: Mean of empty slice
  mu = np.nanmean(np.where(fit_mask[:, None], v, np.nan), axis=0)
/Users/lucawurker/Desktop/Imperial/Master Thesis/QuantFundAgent/venv/lib/python3.13/site-packages/numpy/lib/_nanfunctions_impl.py:1997: RuntimeWarning: Degrees of freedom <= 0 for slice.
  var = nanvar(a, axis=axis, dtype=dtype, out=out, ddof=ddof,
/Users/lucawurker/Desktop/Imperial/Master Thesis/QuantFundAgent/venv/lib/python3.13/site-packages/pandas/core/internals/blocks.py:347: RuntimeWarning: divide by zero encountered in log
  result = func(self.values, **kwargs)
/Users/lucawurker/Desktop/Imperial/Master Thesis/QuantFundAgent/scripts/wf_l4_learning_curve.py:99: RuntimeWarning: Mean of empty slice
  mu = np.nanmean(np.where(fit_mask[:, None], v, np.nan), axis=0)
/Users/lucawurker/Desktop/Imperial/Master Thesis/QuantFundAgent/venv/lib/python3.13/site-packages/numpy/lib/_nanfunctions_impl.py:1997: RuntimeWarning: Degrees of freedom <= 0 for slice.
  var = nanvar(a, axis=axis, dtype=dtype, out=out, ddof=ddof,
15:55:09 signals 175/401
/Users/lucawurker/Desktop/Imperial/Master Thesis/QuantFundAgent/venv/lib/python3.13/site-packages/pandas/core/internals/blocks.py:347: RuntimeWarning: divide by zero encountered in log
  result = func(self.values, **kwargs)
/Users/lucawurker/Desktop/Imperial/Master Thesis/QuantFundAgent/venv/lib/python3.13/site-packages/pandas/core/internals/blocks.py:347: RuntimeWarning: divide by zero encountered in log
  result = func(self.values, **kwargs)
/Users/lucawurker/Desktop/Imperial/Master Thesis/QuantFundAgent/venv/lib/python3.13/site-packages/pandas/core/internals/blocks.py:347: RuntimeWarning: divide by zero encountered in log
  result = func(self.values, **kwargs)
15:55:32 signals 200/401
/Users/lucawurker/Desktop/Imperial/Master Thesis/QuantFundAgent/venv/lib/python3.13/site-packages/pandas/core/internals/blocks.py:347: RuntimeWarning: divide by zero encountered in log
  result = func(self.values, **kwargs)
/Users/lucawurker/Desktop/Imperial/Master Thesis/QuantFundAgent/venv/lib/python3.13/site-packages/pandas/core/internals/blocks.py:347: RuntimeWarning: divide by zero encountered in log
  result = func(self.values, **kwargs)
15:55:45 signals 225/401
/Users/lucawurker/Desktop/Imperial/Master Thesis/QuantFundAgent/venv/lib/python3.13/site-packages/pandas/core/internals/blocks.py:347: RuntimeWarning: divide by zero encountered in log
  result = func(self.values, **kwargs)
/Users/lucawurker/Desktop/Imperial/Master Thesis/QuantFundAgent/venv/lib/python3.13/site-packages/pandas/core/internals/blocks.py:347: RuntimeWarning: divide by zero encountered in log
  result = func(self.values, **kwargs)
/Users/lucawurker/Desktop/Imperial/Master Thesis/QuantFundAgent/scripts/wf_l4_learning_curve.py:99: RuntimeWarning: Mean of empty slice
  mu = np.nanmean(np.where(fit_mask[:, None], v, np.nan), axis=0)
/Users/lucawurker/Desktop/Imperial/Master Thesis/QuantFundAgent/venv/lib/python3.13/site-packages/numpy/lib/_nanfunctions_impl.py:1997: RuntimeWarning: Degrees of freedom <= 0 for slice.
  var = nanvar(a, axis=axis, dtype=dtype, out=out, ddof=ddof,
15:56:02 signals 250/401
/Users/lucawurker/Desktop/Imperial/Master Thesis/QuantFundAgent/venv/lib/python3.13/site-packages/pandas/core/internals/blocks.py:347: RuntimeWarning: divide by zero encountered in log
  result = func(self.values, **kwargs)
15:56:52 signals 275/401
/Users/lucawurker/Desktop/Imperial/Master Thesis/QuantFundAgent/scripts/wf_l4_learning_curve.py:99: RuntimeWarning: Mean of empty slice
  mu = np.nanmean(np.where(fit_mask[:, None], v, np.nan), axis=0)
/Users/lucawurker/Desktop/Imperial/Master Thesis/QuantFundAgent/venv/lib/python3.13/site-packages/numpy/lib/_nanfunctions_impl.py:1997: RuntimeWarning: Degrees of freedom <= 0 for slice.
  var = nanvar(a, axis=axis, dtype=dtype, out=out, ddof=ddof,
/Users/lucawurker/Desktop/Imperial/Master Thesis/QuantFundAgent/venv/lib/python3.13/site-packages/pandas/core/internals/blocks.py:347: RuntimeWarning: divide by zero encountered in log
  result = func(self.values, **kwargs)
/Users/lucawurker/Desktop/Imperial/Master Thesis/QuantFundAgent/venv/lib/python3.13/site-packages/pandas/core/internals/blocks.py:347: RuntimeWarning: divide by zero encountered in log
  result = func(self.values, **kwargs)
/Users/lucawurker/Desktop/Imperial/Master Thesis/QuantFundAgent/scripts/wf_l4_learning_curve.py:99: RuntimeWarning: Mean of empty slice
  mu = np.nanmean(np.where(fit_mask[:, None], v, np.nan), axis=0)
/Users/lucawurker/Desktop/Imperial/Master Thesis/QuantFundAgent/venv/lib/python3.13/site-packages/numpy/lib/_nanfunctions_impl.py:1997: RuntimeWarning: Degrees of freedom <= 0 for slice.
  var = nanvar(a, axis=axis, dtype=dtype, out=out, ddof=ddof,
15:56:59 signals 300/401
/Users/lucawurker/Desktop/Imperial/Master Thesis/QuantFundAgent/scripts/wf_l4_learning_curve.py:99: RuntimeWarning: Mean of empty slice
  mu = np.nanmean(np.where(fit_mask[:, None], v, np.nan), axis=0)
/Users/lucawurker/Desktop/Imperial/Master Thesis/QuantFundAgent/venv/lib/python3.13/site-packages/numpy/lib/_nanfunctions_impl.py:1997: RuntimeWarning: Degrees of freedom <= 0 for slice.
  var = nanvar(a, axis=axis, dtype=dtype, out=out, ddof=ddof,
/Users/lucawurker/Desktop/Imperial/Master Thesis/QuantFundAgent/scripts/wf_l4_learning_curve.py:99: RuntimeWarning: Mean of empty slice
  mu = np.nanmean(np.where(fit_mask[:, None], v, np.nan), axis=0)
/Users/lucawurker/Desktop/Imperial/Master Thesis/QuantFundAgent/venv/lib/python3.13/site-packages/numpy/lib/_nanfunctions_impl.py:1997: RuntimeWarning: Degrees of freedom <= 0 for slice.
  var = nanvar(a, axis=axis, dtype=dtype, out=out, ddof=ddof,
/Users/lucawurker/Desktop/Imperial/Master Thesis/QuantFundAgent/scripts/wf_l4_learning_curve.py:99: RuntimeWarning: Mean of empty slice
  mu = np.nanmean(np.where(fit_mask[:, None], v, np.nan), axis=0)
/Users/lucawurker/Desktop/Imperial/Master Thesis/QuantFundAgent/venv/lib/python3.13/site-packages/numpy/lib/_nanfunctions_impl.py:1997: RuntimeWarning: Degrees of freedom <= 0 for slice.
  var = nanvar(a, axis=axis, dtype=dtype, out=out, ddof=ddof,
15:57:20 signals 325/401
<factor:bridge_gated_completion_convergence>:45: RuntimeWarning: Mean of empty slice
/Users/lucawurker/Desktop/Imperial/Master Thesis/QuantFundAgent/venv/lib/python3.13/site-packages/pandas/core/internals/blocks.py:347: RuntimeWarning: divide by zero encountered in log
  result = func(self.values, **kwargs)
15:58:00 signals 350/401
/Users/lucawurker/Desktop/Imperial/Master Thesis/QuantFundAgent/scripts/wf_l4_learning_curve.py:99: RuntimeWarning: Mean of empty slice
  mu = np.nanmean(np.where(fit_mask[:, None], v, np.nan), axis=0)
/Users/lucawurker/Desktop/Imperial/Master Thesis/QuantFundAgent/venv/lib/python3.13/site-packages/numpy/lib/_nanfunctions_impl.py:1997: RuntimeWarning: Degrees of freedom <= 0 for slice.
  var = nanvar(a, axis=axis, dtype=dtype, out=out, ddof=ddof,
15:58:43 signals 375/401
/Users/lucawurker/Desktop/Imperial/Master Thesis/QuantFundAgent/venv/lib/python3.13/site-packages/pandas/core/internals/blocks.py:347: RuntimeWarning: divide by zero encountered in log
  result = func(self.values, **kwargs)
/Users/lucawurker/Desktop/Imperial/Master Thesis/QuantFundAgent/scripts/wf_l4_learning_curve.py:99: RuntimeWarning: Mean of empty slice
  mu = np.nanmean(np.where(fit_mask[:, None], v, np.nan), axis=0)
/Users/lucawurker/Desktop/Imperial/Master Thesis/QuantFundAgent/venv/lib/python3.13/site-packages/numpy/lib/_nanfunctions_impl.py:1997: RuntimeWarning: Degrees of freedom <= 0 for slice.
  var = nanvar(a, axis=axis, dtype=dtype, out=out, ddof=ddof,
/Users/lucawurker/Desktop/Imperial/Master Thesis/QuantFundAgent/scripts/wf_l4_learning_curve.py:99: RuntimeWarning: Mean of empty slice
  mu = np.nanmean(np.where(fit_mask[:, None], v, np.nan), axis=0)
/Users/lucawurker/Desktop/Imperial/Master Thesis/QuantFundAgent/venv/lib/python3.13/site-packages/numpy/lib/_nanfunctions_impl.py:1997: RuntimeWarning: Degrees of freedom <= 0 for slice.
  var = nanvar(a, axis=axis, dtype=dtype, out=out, ddof=ddof,
15:59:17 signals 400/401
15:59:19 gen 1: n=60 ic=0.0353
15:59:19 gen 2: n=40 ic=0.0291
15:59:20 gen 3: n=63 ic=0.0337
15:59:20 gen 4: n=58 ic=0.0304
15:59:21 gen 5: n=59 ic=0.0331
15:59:21 gen 6: n=56 ic=0.0308
15:59:21 gen 7: n=42 ic=0.0343
15:59:22 gen 8: n=56 ic=0.0307
15:59:22 gen 9: n=60 ic=0.0325
15:59:23 gen 10: n=58 ic=0.0286
15:59:23 gen 11: n=61 ic=0.0277
15:59:24 gen 12: n=54 ic=0.0268
15:59:24 gen 13: n=56 ic=0.0261
15:59:25 gen 14: n=55 ic=0.0290
15:59:26 gen 15: n=57 ic=0.0274
15:59:27 gen 16: n=70 ic=0.0263
15:59:27 gen 17: n=66 ic=0.0256
15:59:28 gen 18: n=66 ic=0.0256
15:59:28 gen 19: n=56 ic=0.0255
15:59:29 gen 20: n=61 ic=0.0328
15:59:29 wrote /Users/lucawurker/Desktop/Imperial/Master Thesis/QuantFundAgent/data/comparisons/wf_book_analysis/derived/l4_learning_curve.csv
