15:19:41  INFO    replay VERIFIED: final archive 44/44, evictions 315/315 match
15:19:41  INFO    Loading panel from ticker_data (fields=['accountsPayable', 'acquisitionsNet', 'assetGrowth', 'assetTurnover', 'bookValuePerShare', 'bookValuePerShareGrowth', 'capex', 'capexPerShare', 'capexToOperatingCashFlow', 'capexToRevenue', 'cash', 'cashConversionCycle', 'cashPerShare', 'cashRatio', 'changeInWorkingCapital', 'close', 'costOfRevenue', 'currentRatio', 'daysInventoryOutstanding', 'daysPayablesOutstanding', 'daysSalesOutstanding', 'debtGrowth', 'debtToAssets', 'debtToCapital', 'debtToEquity', 'depreciationAmortization', 'dividendPayoutRatio', 'dividendPerShareGrowth', 'dividendYield', 'dividendsPaid', 'earningsYield', 'ebit', 'ebitGrowth', 'ebitMargin', 'ebitda', 'ebitdaGrowth', 'ebitdaMargin', 'enterpriseValue', 'eps', 'epsActual', 'epsDiluted', 'epsDilutedGrowth', 'epsEstimate', 'epsGrowth', 'epsSurprise', 'evToEbitda', 'evToFreeCashFlow', 'evToOperatingCashFlow', 'evToSales', 'financialLeverage', 'freeCashFlow', 'freeCashFlowGrowth', 'freeCashFlowPerShare', 'freeCashFlowYield', 'goodwill', 'grahamNumber', 'grossMargin', 'grossProfit', 'grossProfitGrowth', 'high', 'incomeBeforeTax', 'incomeQuality', 'incomeTaxExpense', 'industry', 'intangibleAssets', 'intangiblesToAssets', 'interestCoverage', 'interestExpense', 'inventory', 'inventoryGrowth', 'inventoryTurnover', 'investedCapital', 'longTermDebt', 'low', 'marketCap', 'netDebtIssuance', 'netDebtToEbitda', 'netIncome', 'netIncomeGrowth', 'netIncomeGrowth3Y', 'netIncomeGrowth5Y', 'netIncomePerShare', 'netMargin', 'netStockIssuance', 'open', 'operatingCashFlow', 'operatingCashFlowGrowth', 'operatingCashFlowPerShare', 'operatingCycle', 'operatingExpenses', 'operatingIncome', 'operatingIncomeGrowth', 'operatingMargin', 'payablesTurnover', 'pbRatio', 'peRatio', 'pegRatio', 'pfcfRatio', 'pocfRatio', 'ppe', 'pretaxMargin', 'psRatio', 'quickRatio', 'rdExpense', 'rdExpenseGrowth', 'rdToRevenue', 'receivables', 'receivablesGrowth', 'receivablesTurnover', 'retainedEarnings', 'returns', 'revenue', 'revenueActual', 'revenueEstimate', 'revenueGrowth', 'revenueGrowth3Y', 'revenueGrowth5Y', 'revenuePerShare', 'revenueSurprise', 'roa', 'roce', 'roe', 'roic', 'sbcToRevenue', 'sector', 'sgaExpense', 'sgaExpenseGrowth', 'sgaToRevenue', 'shareRepurchase', 'sharesDiluted', 'sharesGrowth', 'sharesOutstanding', 'shortTermDebt', 'stockBasedCompensation', 'tangibleBookValuePerShare', 'totalAssets', 'totalCurrentAssets', 'totalCurrentLiabilities', 'totalDebt', 'totalEquity', 'totalLiabilities', 'volume', 'vwap', 'workingCapital'], n_tickers=all) …
15:21:38  INFO    Panel loaded in 117.3s (232 tickers, 144 fields)
15:21:40  INFO    computing 189 unique factor signals
<factor:leaveoneout_sector_beta_lag_completion>:37: RuntimeWarning: invalid value encountered in subtract
/Users/lucawurker/Desktop/Imperial/Master Thesis/QuantFundAgent/venv/lib/python3.13/site-packages/pandas/core/internals/blocks.py:347: RuntimeWarning: divide by zero encountered in log
  result = func(self.values, **kwargs)
/Users/lucawurker/Desktop/Imperial/Master Thesis/QuantFundAgent/venv/lib/python3.13/site-packages/pandas/core/internals/blocks.py:347: RuntimeWarning: divide by zero encountered in log
  result = func(self.values, **kwargs)
/Users/lucawurker/Desktop/Imperial/Master Thesis/QuantFundAgent/venv/lib/python3.13/site-packages/sklearn/utils/validation.py:2691: UserWarning: X does not have valid feature names, but LGBMRegressor was fitted with feature names
  warnings.warn(
15:25:28  INFO    [master_long30|block@gen11] 64 factors  sharpe=-0.39  turn=0.140  pos=101
/Users/lucawurker/Desktop/Imperial/Master Thesis/QuantFundAgent/venv/lib/python3.13/site-packages/sklearn/utils/validation.py:2691: UserWarning: X does not have valid feature names, but LGBMRegressor was fitted with feature names
  warnings.warn(
15:27:02  INFO    [master_long30|block@gen13] 64 factors  sharpe=0.34  turn=0.192  pos=102
/Users/lucawurker/Desktop/Imperial/Master Thesis/QuantFundAgent/venv/lib/python3.13/site-packages/sklearn/utils/validation.py:2691: UserWarning: X does not have valid feature names, but LGBMRegressor was fitted with feature names
  warnings.warn(
15:28:33  INFO    [master_long30|block@gen15] 58 factors  sharpe=-0.20  turn=0.220  pos=103
/Users/lucawurker/Desktop/Imperial/Master Thesis/QuantFundAgent/venv/lib/python3.13/site-packages/sklearn/utils/validation.py:2691: UserWarning: X does not have valid feature names, but LGBMRegressor was fitted with feature names
  warnings.warn(
15:30:18  INFO    [master_long30|block@gen17] 62 factors  sharpe=2.32  turn=0.108  pos=103
/Users/lucawurker/Desktop/Imperial/Master Thesis/QuantFundAgent/venv/lib/python3.13/site-packages/sklearn/utils/validation.py:2691: UserWarning: X does not have valid feature names, but LGBMRegressor was fitted with feature names
  warnings.warn(
15:31:40  INFO    [master_long30|block@gen19] 62 factors  sharpe=0.97  turn=0.177  pos=102
/Users/lucawurker/Desktop/Imperial/Master Thesis/QuantFundAgent/venv/lib/python3.13/site-packages/sklearn/utils/validation.py:2691: UserWarning: X does not have valid feature names, but LGBMRegressor was fitted with feature names
  warnings.warn(
15:32:48  INFO    [master_long30|test_tail] 44 factors  sharpe=-0.02  turn=0.234  pos=102
/Users/lucawurker/Desktop/Imperial/Master Thesis/QuantFundAgent/venv/lib/python3.13/site-packages/sklearn/utils/validation.py:2691: UserWarning: X does not have valid feature names, but LGBMRegressor was fitted with feature names
  warnings.warn(
15:34:10  INFO    [master_long30|forward_reserve] 44 factors  sharpe=1.45  turn=0.118  pos=101
15:34:10  INFO    [master_long30] STITCHED sharpe=0.5403667472931528 ann_ret=0.05523398065611075 vol=0.10221572836003162
15:34:10  INFO    [master_long60|block@gen11] 64 factors  sharpe=-0.35  turn=0.107  pos=101
15:34:10  INFO    [master_long60|block@gen13] 64 factors  sharpe=0.50  turn=0.148  pos=102
15:34:11  INFO    [master_long60|block@gen15] 58 factors  sharpe=0.29  turn=0.172  pos=103
15:34:11  INFO    [master_long60|block@gen17] 62 factors  sharpe=2.60  turn=0.082  pos=103
15:34:11  INFO    [master_long60|block@gen19] 62 factors  sharpe=1.32  turn=0.144  pos=102
15:34:12  INFO    [master_long60|test_tail] 44 factors  sharpe=0.02  turn=0.185  pos=102
15:34:12  INFO    [master_long60|forward_reserve] 44 factors  sharpe=1.08  turn=0.098  pos=101
15:34:12  INFO    [master_long60] STITCHED sharpe=0.5630873031029258 ann_ret=0.07493973092767073 vol=0.13308723268081332
15:34:12  INFO    [master_long100|block@gen11] 64 factors  sharpe=-0.24  turn=0.065  pos=58
15:34:12  INFO    [master_long100|block@gen13] 64 factors  sharpe=0.55  turn=0.093  pos=59
15:34:12  INFO    [master_long100|block@gen15] 58 factors  sharpe=0.49  turn=0.105  pos=56
15:34:13  INFO    [master_long100|block@gen17] 62 factors  sharpe=2.71  turn=0.051  pos=60
15:34:13  INFO    [master_long100|block@gen19] 62 factors  sharpe=1.51  turn=0.094  pos=53
15:34:13  INFO    [master_long100|test_tail] 44 factors  sharpe=0.08  turn=0.118  pos=53
15:34:13  INFO    [master_long100|forward_reserve] 44 factors  sharpe=0.86  turn=0.063  pos=59
15:34:13  INFO    [master_long100] STITCHED sharpe=0.5813355650684359 ann_ret=0.09498578385093438 vol=0.16339234954557183
/Users/lucawurker/Desktop/Imperial/Master Thesis/QuantFundAgent/venv/lib/python3.13/site-packages/sklearn/utils/validation.py:2691: UserWarning: X does not have valid feature names, but LGBMRegressor was fitted with feature names
  warnings.warn(
15:34:40  INFO    [retail_balanced_long|block@gen11] 24 factors  sharpe=-0.10  turn=0.113  pos=24
/Users/lucawurker/Desktop/Imperial/Master Thesis/QuantFundAgent/venv/lib/python3.13/site-packages/sklearn/utils/validation.py:2691: UserWarning: X does not have valid feature names, but LGBMRegressor was fitted with feature names
  warnings.warn(
15:35:04  INFO    [retail_balanced_long|block@gen13] 24 factors  sharpe=0.21  turn=0.097  pos=24
/Users/lucawurker/Desktop/Imperial/Master Thesis/QuantFundAgent/venv/lib/python3.13/site-packages/sklearn/utils/validation.py:2691: UserWarning: X does not have valid feature names, but LGBMRegressor was fitted with feature names
  warnings.warn(
15:35:32  INFO    [retail_balanced_long|block@gen15] 24 factors  sharpe=0.62  turn=0.100  pos=24
/Users/lucawurker/Desktop/Imperial/Master Thesis/QuantFundAgent/venv/lib/python3.13/site-packages/sklearn/utils/validation.py:2691: UserWarning: X does not have valid feature names, but LGBMRegressor was fitted with feature names
  warnings.warn(
15:35:54  INFO    [retail_balanced_long|block@gen17] 24 factors  sharpe=2.23  turn=0.056  pos=24
/Users/lucawurker/Desktop/Imperial/Master Thesis/QuantFundAgent/venv/lib/python3.13/site-packages/sklearn/utils/validation.py:2691: UserWarning: X does not have valid feature names, but LGBMRegressor was fitted with feature names
  warnings.warn(
15:36:20  INFO    [retail_balanced_long|block@gen19] 24 factors  sharpe=1.38  turn=0.067  pos=24
/Users/lucawurker/Desktop/Imperial/Master Thesis/QuantFundAgent/venv/lib/python3.13/site-packages/sklearn/utils/validation.py:2691: UserWarning: X does not have valid feature names, but LGBMRegressor was fitted with feature names
  warnings.warn(
15:36:48  INFO    [retail_balanced_long|test_tail] 24 factors  sharpe=0.36  turn=0.086  pos=24
/Users/lucawurker/Desktop/Imperial/Master Thesis/QuantFundAgent/venv/lib/python3.13/site-packages/sklearn/utils/validation.py:2691: UserWarning: X does not have valid feature names, but LGBMRegressor was fitted with feature names
  warnings.warn(
15:37:29  INFO    [retail_balanced_long|forward_reserve] 24 factors  sharpe=0.99  turn=0.086  pos=24
15:37:30  INFO    [retail_balanced_long] STITCHED sharpe=0.6763787128335664 ann_ret=0.08293941854575564 vol=0.12262275108909908
/Users/lucawurker/Desktop/Imperial/Master Thesis/QuantFundAgent/venv/lib/python3.13/site-packages/sklearn/utils/validation.py:2691: UserWarning: X does not have valid feature names, but LGBMRegressor was fitted with feature names
  warnings.warn(
15:37:49  INFO    [retail_defensive_long|block@gen11] 14 factors  sharpe=0.03  turn=0.055  pos=14
/Users/lucawurker/Desktop/Imperial/Master Thesis/QuantFundAgent/venv/lib/python3.13/site-packages/sklearn/utils/validation.py:2691: UserWarning: X does not have valid feature names, but LGBMRegressor was fitted with feature names
  warnings.warn(
15:38:07  INFO    [retail_defensive_long|block@gen13] 14 factors  sharpe=0.70  turn=0.041  pos=14
/Users/lucawurker/Desktop/Imperial/Master Thesis/QuantFundAgent/venv/lib/python3.13/site-packages/sklearn/utils/validation.py:2691: UserWarning: X does not have valid feature names, but LGBMRegressor was fitted with feature names
  warnings.warn(
15:38:23  INFO    [retail_defensive_long|block@gen15] 14 factors  sharpe=-0.13  turn=0.035  pos=14
/Users/lucawurker/Desktop/Imperial/Master Thesis/QuantFundAgent/venv/lib/python3.13/site-packages/sklearn/utils/validation.py:2691: UserWarning: X does not have valid feature names, but LGBMRegressor was fitted with feature names
  warnings.warn(
15:38:40  INFO    [retail_defensive_long|block@gen17] 14 factors  sharpe=2.77  turn=0.027  pos=14
/Users/lucawurker/Desktop/Imperial/Master Thesis/QuantFundAgent/venv/lib/python3.13/site-packages/sklearn/utils/validation.py:2691: UserWarning: X does not have valid feature names, but LGBMRegressor was fitted with feature names
  warnings.warn(
15:38:58  INFO    [retail_defensive_long|block@gen19] 14 factors  sharpe=1.29  turn=0.033  pos=14
/Users/lucawurker/Desktop/Imperial/Master Thesis/QuantFundAgent/venv/lib/python3.13/site-packages/sklearn/utils/validation.py:2691: UserWarning: X does not have valid feature names, but LGBMRegressor was fitted with feature names
  warnings.warn(
15:39:14  INFO    [retail_defensive_long|test_tail] 14 factors  sharpe=0.73  turn=0.062  pos=14
/Users/lucawurker/Desktop/Imperial/Master Thesis/QuantFundAgent/venv/lib/python3.13/site-packages/sklearn/utils/validation.py:2691: UserWarning: X does not have valid feature names, but LGBMRegressor was fitted with feature names
  warnings.warn(
15:39:35  INFO    [retail_defensive_long|forward_reserve] 14 factors  sharpe=0.54  turn=0.055  pos=14
15:39:35  INFO    [retail_defensive_long] STITCHED sharpe=0.6879700991912596 ann_ret=0.06389851517266146 vol=0.09287978539732628
/Users/lucawurker/Desktop/Imperial/Master Thesis/QuantFundAgent/venv/lib/python3.13/site-packages/sklearn/utils/validation.py:2691: UserWarning: X does not have valid feature names, but LGBMRegressor was fitted with feature names
  warnings.warn(
15:39:44  INFO    [retail_aggressive_long|block@gen11] 7 factors  sharpe=-0.50  turn=0.202  pos=17
/Users/lucawurker/Desktop/Imperial/Master Thesis/QuantFundAgent/venv/lib/python3.13/site-packages/sklearn/utils/validation.py:2691: UserWarning: X does not have valid feature names, but LGBMRegressor was fitted with feature names
  warnings.warn(
15:40:00  INFO    [retail_aggressive_long|block@gen13] 12 factors  sharpe=0.94  turn=0.194  pos=17
/Users/lucawurker/Desktop/Imperial/Master Thesis/QuantFundAgent/venv/lib/python3.13/site-packages/sklearn/utils/validation.py:2691: UserWarning: X does not have valid feature names, but LGBMRegressor was fitted with feature names
  warnings.warn(
15:40:22  INFO    [retail_aggressive_long|block@gen15] 14 factors  sharpe=0.27  turn=0.240  pos=17
/Users/lucawurker/Desktop/Imperial/Master Thesis/QuantFundAgent/venv/lib/python3.13/site-packages/sklearn/utils/validation.py:2691: UserWarning: X does not have valid feature names, but LGBMRegressor was fitted with feature names
  warnings.warn(
15:40:41  INFO    [retail_aggressive_long|block@gen17] 16 factors  sharpe=3.21  turn=0.129  pos=18
/Users/lucawurker/Desktop/Imperial/Master Thesis/QuantFundAgent/venv/lib/python3.13/site-packages/sklearn/utils/validation.py:2691: UserWarning: X does not have valid feature names, but LGBMRegressor was fitted with feature names
  warnings.warn(
15:41:06  INFO    [retail_aggressive_long|block@gen19] 20 factors  sharpe=1.43  turn=0.098  pos=17
/Users/lucawurker/Desktop/Imperial/Master Thesis/QuantFundAgent/venv/lib/python3.13/site-packages/sklearn/utils/validation.py:2691: UserWarning: X does not have valid feature names, but LGBMRegressor was fitted with feature names
  warnings.warn(
15:41:41  INFO    [retail_aggressive_long|test_tail] 20 factors  sharpe=0.01  turn=0.229  pos=17
/Users/lucawurker/Desktop/Imperial/Master Thesis/QuantFundAgent/venv/lib/python3.13/site-packages/sklearn/utils/validation.py:2691: UserWarning: X does not have valid feature names, but LGBMRegressor was fitted with feature names
  warnings.warn(
15:42:15  INFO    [retail_aggressive_long|forward_reserve] 20 factors  sharpe=0.53  turn=0.246  pos=17
15:42:15  INFO    [retail_aggressive_long] STITCHED sharpe=0.4859477261680859 ann_ret=0.0901422320828354 vol=0.18549779580953496
15:42:15  INFO    wrote data/workspaces/fmp_archive_equity_nasdaq100pit/preruns/L4_terra_s0/persona_strategies_netlong/report.md
